 INFO [ipc_server_main_common] Monado(XRT) by Collabora et al '945820b' starting up...
 WARN [create_listen_socket] Removing stale socket file /run/user/1000/monado_comp_ipc
 INFO [print_linux_end_user_started_information] 
################################################################################
#                                                                              #
#                        The Monado service has started.                       #
#                                                                              #
################################################################################
[II] HMD IMU calibration  gyro_offset [ -0.003900, 0.001300, 0.001100 ]  accel_offset [ 0.108000, -0.305600, 0.024900 ]
[II]   gyro_calib = 
[II]   [    0.999,    0.005,   -0.021 ]
[II]   [    0.004,    1.000,   -0.007 ]
[II]   [    0.008,    0.038,    0.999 ]
[II]   accel_calib = 
[II]   [    1.021,    0.001,   -0.018 ]
[II]   [    0.001,    1.037,    0.022 ]
[II]   [    0.004,   -0.005,    0.963 ]
[II] CV1 display config: brightness=0 flags=0x400 persistence=273/1472 rows
[II] Using 34 visor LEDs; dropped 10 headband LEDs (not tracked as a separate body yet - the headset is only trackable from the front)
LED model: HMD LEDs
{ .pos = {0.062939,-0.032042,0.067541}, .dir={0.181956,-0.102972,0.977900}, .pattern=0x1 },
{ .pos = {0.077151,0.000993,0.065562}, .dir={0.299055,0.001984,0.954234}, .pattern=0x6 },
{ .pos = {0.028983,-0.019018,0.073518}, .dir={0.082983,-0.096960,0.991823}, .pattern=0x1a },
{ .pos = {-0.000097,-0.033045,0.072449}, .dir={0.000000,-0.188028,0.982164}, .pattern=0x1d },
{ .pos = {-0.028998,-0.019144,0.073384}, .dir={-0.082983,-0.096960,0.991823}, .pattern=0x28 },
{ .pos = {-0.063022,-0.032156,0.067359}, .dir={-0.181956,-0.102972,0.977900}, .pattern=0x2f },
{ .pos = {-0.077078,0.000964,0.065342}, .dir={-0.299055,0.001984,0.954234}, .pattern=0x33 },
{ .pos = {-0.054039,0.034440,0.068623}, .dir={-0.140969,0.134957,0.980772}, .pattern=0x4b },
{ .pos = {-0.020202,0.017950,0.074224}, .dir={-0.056979,0.095951,0.993754}, .pattern=0x4c },
{ .pos = {0.053973,0.034595,0.069160}, .dir={0.140969,0.134957,0.980772}, .pattern=0x57 },
{ .pos = {0.020062,0.018061,0.074368}, .dir={0.056979,0.095951,0.993754}, .pattern=0x62 },
{ .pos = {-0.078856,-0.011904,0.028395}, .dir={-0.993057,-0.099980,-0.061984}, .pattern=0x65 },
{ .pos = {-0.077293,-0.012335,-0.008668}, .dir={-0.981566,-0.188915,-0.028963}, .pattern=0x79 },
{ .pos = {-0.070740,-0.031349,0.010284}, .dir={-0.734056,-0.668042,-0.121987}, .pattern=0x7e },
{ .pos = {-0.059124,-0.040984,0.036314}, .dir={-0.153997,-0.983099,-0.099003}, .pattern=0x90 },
{ .pos = {0.058835,-0.040830,0.035942}, .dir={0.153997,-0.983099,-0.099003}, .pattern=0xa4 },
{ .pos = {0.028165,-0.043453,0.061352}, .dir={-0.004975,-0.998636,-0.051974}, .pattern=0x114 },
{ .pos = {-0.080319,-0.024476,0.053355}, .dir={-0.947594,-0.225904,-0.225904}, .pattern=0x151 },
{ .pos = {-0.027992,-0.043610,0.061432}, .dir={0.004975,-0.998636,-0.051974}, .pattern=0x183 },
{ .pos = {0.070561,-0.031850,0.009988}, .dir={0.734056,-0.668042,-0.121987}, .pattern=0x18c },
{ .pos = {0.077672,-0.012729,-0.008828}, .dir={0.981566,-0.188915,-0.028963}, .pattern=0x199 },
{ .pos = {0.079252,-0.012425,0.027945}, .dir={0.993057,-0.099980,-0.061984}, .pattern=0x1aa },
{ .pos = {0.080678,-0.024862,0.053475}, .dir={0.947594,-0.225904,-0.225904}, .pattern=0x1b5 },
{ .pos = {-0.029139,0.043728,0.057487}, .dir={-0.004975,0.999980,0.003998}, .pattern=0x1c0 },
{ .pos = {-0.078382,0.029385,0.053600}, .dir={-0.871752,0.428856,-0.236921}, .pattern=0x1cf },
{ .pos = {0.072131,0.030937,0.000022}, .dir={0.816019,0.577024,-0.033998}, .pattern=0x1d6 },
{ .pos = {0.067042,0.037833,0.030095}, .dir={0.526908,0.847875,-0.058962}, .pattern=0x1e9 },
{ .pos = {0.078260,0.029513,0.053292}, .dir={0.871752,0.428856,-0.236921}, .pattern=0x1f3 },
{ .pos = {0.028896,0.043669,0.057676}, .dir={0.004975,0.999980,0.003998}, .pattern=0x1fc },
{ .pos = {-0.067240,0.037555,0.029876}, .dir={-0.526908,0.847875,-0.058962}, .pattern=0x230 },
{ .pos = {-0.072200,0.030241,0.000120}, .dir={-0.816019,0.577024,-0.033998}, .pattern=0x252 },
{ .pos = {-0.041120,0.043276,0.023325}, .dir={-0.041995,0.999110,-0.003998}, .pattern=0x282 },
{ .pos = {0.000159,0.043811,0.033423}, .dir={0.005982,0.999932,0.009980}, .pattern=0x285 },
{ .pos = {0.041085,0.043260,0.023553}, .dir={0.041995,0.999110,-0.003998}, .pattern=0x29b },
[II] HMD IPD 63.5 mm, as reported by the headset (note: this is its stored figure, not the live slider position)
Opened Rift Sensor 0 w/ Serial WMTD306Q701DEK. Connecting to Radio address 0x11563cc989
[II] camera width 1280 height 960
[II] f = [ 716.935 716.935 ] INFO [p_create_system] Creating system:
	Builders:
		qwerty: Qwerty devices builder
		remote: Remote simulation devices builder
		simulated: Simulated devices builder
		rift: Oculus Rift
		rift_s: Oculus Rift S
		psvr2: PlayStation VR 2
		rgb_tracking: RGB tracking based devices (PSVR, PSMV, ...)
		steamvr: SteamVR proprietary wrapper (Vive, Index, Tundra trackers, etc.) devices builder
		lighthouse: Lighthouse-tracked FLOSS (Vive, Index, Tundra trackers, etc.) devices builder
		north_star: North Star headset
		wmr: Windows Mixed Reality
		xreal_air: Xreal Air
		legacy: Legacy probing system
	No builder selected in config (or wasn't compiled in)
	No builder was certain that it could create a head device
	Selected legacy because it maybe could create a head
	Using builder legacy: Legacy probing system
	Got devices:
		 0: 'Rift (CV1) (OpenHMD)' (id=1)
		 1: 'Rift (CV1): Left Controller (OpenHMD)' (id=2)
		 2: 'Rift (CV1): Right Controller (OpenHMD)' (id=3)
	In roles:
		head: Rift (CV1) (OpenHMD) (Rift (CV1) (OpenHMD)), view count: 2
		eyes: <none> (<none>)
		face: <none> (<none>)
		left: Rift (CV1): Left Controller (OpenHMD) (Rift (CV1): Left Controller (OpenHMD))
		right: Rift (CV1): Right Controller (OpenHMD) (Rift (CV1): Right Controller (OpenHMD))
		gamepad: <none> (<none>)
		hand_tracking.unobstructed.left: <none> (<none>)
		hand_tracking.unobstructed.right: <none> (<none>)
		hand_tracking.conforming.left: <none> (<none>)
		hand_tracking.conforming.right: <none> (<none>)
	Result: XRT_SUCCESS
DEBUG [comp_main_create_system_compositor] Doing init 0x5585766e3f90
 WARN [compositor_check_and_prepare_xdev] Had to fill in meshuv on xdev 'Rift (CV1) (OpenHMD)', this should be done in the driver.
 INFO [comp_window_direct_wayland_init] No connector was chosen, will use first available connector
 INFO [_drm_lease_device_drm_fd] Available DRM lease device: /dev/dri/card1
 INFO [_lease_connector_done] [/dev/dri/card1] connector HDMI-A-1 (Oculus VR, Inc. Rift) id: 406
 INFO [comp_window_direct_wayland_init] Using DRM node /dev/dri/card1
 INFO [comp_window_direct_wayland_init] Connector id 406 HDMI-A-1 (Oculus VR, Inc. Rift)
 INFO [_lease_connector_withdrawn] Connector HDMI-A-1 has been withdrawn by the compositor
 WARN [build_extension_list] Duplicate extension VK_KHR_get_surface_capabilities2 not added twice
 INFO [vk_log_extension_list] Vulkan instance extensions list(s):
	Enabled extensions:
		VK_KHR_display                            required
		VK_KHR_external_fence_capabilities        required
		VK_KHR_external_memory_capabilities       required
		VK_KHR_external_semaphore_capabilities    required
		VK_KHR_get_physical_device_properties2    required
		VK_KHR_get_surface_capabilities2          optional
		VK_KHR_surface                            required
		VK_KHR_wayland_surface                    required
		VK_EXT_acquire_drm_display                required
		VK_EXT_debug_report                       required
		VK_EXT_direct_mode_display                required
		VK_EXT_display_surface_counter            optional
		VK_EXT_swapchain_colorspace               optional
	Not enabled optional extensions:
 INFO [create_device] Created device and COMPUTE queue with QUEUE_GLOBAL_PRIORITY_MEDIUM.
 INFO [vk_print_device_info] Device info:
	name: AMD Radeon RX 7800 XT (RADV NAVI32)
	vendor: 0x1002
	product: 0x747e
	deviceType: VK_PHYSICAL_DEVICE_TYPE_DISCRETE_GPU
	apiVersion: 1.4.354
	driverVersion: 0x06801005
 INFO [vk_print_queues_info] Selected Queues/Families:
	main_queue.queue: 0x5585765f6330
	main_queue.index: 0
	main_queue.family_index: 1
	graphics_queue.queue: 0x558576713c10
	graphics_queue.index: 0
	graphics_queue.family_index: 0
	encode_queue.queue: (nil)
	encode_queue.index: -1
	encode_queue.family_index: -1
 INFO [vk_print_features_info] Features:
	timestamp_compute_and_graphics: true
	timestamp_period: 10.000000
	timestamp_valid_bits: 64
	timeline_semaphore: true
 INFO [vk_print_external_handles_info] Supported images:
	VK_EXTERNAL_MEMORY_HANDLE_TYPE_OPAQUE_FD_BIT:
		color import=true export=true
		depth import=true export=true
 INFO [vk_print_external_handles_info] Supported fences:
	VK_EXTERNAL_FENCE_HANDLE_TYPE_SYNC_FD_BIT: true
	VK_EXTERNAL_FENCE_HANDLE_TYPE_OPAQUE_FD_BIT: true
 INFO [vk_print_external_handles_info] Supported semaphores:
	VK_EXTERNAL_SEMAPHORE_HANDLE_TYPE_SYNC_FD_BIT(binary): true
	VK_EXTERNAL_SEMAPHORE_HANDLE_TYPE_OPAQUE_FD_BIT(binary): true
	VK_EXTERNAL_SEMAPHORE_HANDLE_TYPE_SYNC_FD_BIT(timeline): false
	VK_EXTERNAL_SEMAPHORE_HANDLE_TYPE_OPAQUE_FD_BIT(timeline): true
 INFO [vk_print_display_surface_create_info] VkDisplaySurfaceCreateInfoKHR:
	flags:
	displayMode: 558576757590
	planeIndex: 0
	planeStackIndex: 0
	transform: VK_SURFACE_TRANSFORM_IDENTITY_BIT_KHR
	planeIndex: 1.000000
	alphaMode: VK_DISPLAY_PLANE_ALPHA_GLOBAL_BIT_KHR
	imageExtent: {2160, 1200}
 INFO [u_pc_fake_create] Created pacer (non-feedback version aka "fake")
	estimated_frame_period: 11.111358ms
	percentage: 20.000000%
	min_comp_time: 3.000000ms
	comp_time: 3.000000ms
 INFO [vk_print_surface_info] VkSurfaceKHR info:
	caps.minImageCount: 2
	caps.maxImageCount: 0
	caps.currentExtent: 2160x1200
	caps.minImageExtent: 1x1
	caps.maxImageExtent: 16384x16384
	caps.maxImageArrayLayers: 1
	caps.supportedTransforms:
		VK_SURFACE_TRANSFORM_IDENTITY_BIT_KHR
	caps.currentTransform: VK_SURFACE_TRANSFORM_IDENTITY_BIT_KHR
	caps.supportedCompositeAlpha:
		VK_COMPOSITE_ALPHA_OPAQUE_BIT_KHR
	caps.supportedUsageFlags:
		VK_IMAGE_USAGE_TRANSFER_SRC_BIT
		VK_IMAGE_USAGE_TRANSFER_DST_BIT
		VK_IMAGE_USAGE_SAMPLED_BIT
		VK_IMAGE_USAGE_STORAGE_BIT
		VK_IMAGE_USAGE_COLOR_ATTACHMENT_BIT
		VK_IMAGE_USAGE_INPUT_ATTACHMENT_BIT
		VK_IMAGE_USAGE_ATTACHMENT_FEEDBACK_LOOP_BIT_EXT
	present_modes(1):
		VK_PRESENT_MODE_FIFO_KHR
	present_id2_caps.presentId2Supported: 1
	present_wait2_caps.presentWait2Supported: 1
	shared_present_caps.sharedPresentSupportedUsageFlags:
	formats(6):
		[format = VK_FORMAT_B8G8R8A8_SRGB, colorSpace = VK_COLOR_SPACE_SRGB_NONLINEAR_KHR]
		[format = VK_FORMAT_B8G8R8A8_UNORM, colorSpace = VK_COLOR_SPACE_SRGB_NONLINEAR_KHR]
		[format = VK_FORMAT_A2B10G10R10_UNORM_PACK32, colorSpace = VK_COLOR_SPACE_SRGB_NONLINEAR_KHR]
		[format = VK_FORMAT_A2R10G10B10_UNORM_PACK32, colorSpace = VK_COLOR_SPACE_SRGB_NONLINEAR_KHR]
		[format = VK_FORMAT_R16G16B16A16_UNORM, colorSpace = VK_COLOR_SPACE_SRGB_NONLINEAR_KHR]
		[format = VK_FORMAT_R16G16B16A16_SFLOAT, colorSpace = VK_COLOR_SPACE_SRGB_NONLINEAR_KHR]
 INFO [vk_print_swapchain_create_info] VkSwapchainCreateInfoKHR:
	flags:
		VK_SWAPCHAIN_CREATE_PRESENT_ID_2_BIT_KHR
		VK_SWAPCHAIN_CREATE_PRESENT_WAIT_2_BIT_KHR
	surface: 5585767734d0
	minImageCount: 2
	imageFormat: VK_FORMAT_A2B10G10R10_UNORM_PACK32
	imageColorSpace: VK_COLOR_SPACE_SRGB_NONLINEAR_KHR
	imageExtent: {2160, 1200}
	imageArrayLayers: 1
	imageUsage:
		VK_IMAGE_USAGE_STORAGE_BIT
	imageSharingMode: VK_SHARING_MODE_EXCLUSIVE
	queueFamilyIndexCount: 0
	preTransform: VK_SURFACE_TRANSFORM_IDENTITY_BIT_KHR
	compositeAlpha: VK_COMPOSITE_ALPHA_OPAQUE_BIT_KHR
	presentMode: VK_PRESENT_MODE_FIFO_KHR
	clipped: VK_TRUE
	oldSwapchain: 0
 INFO [comp_target_swapchain_create_images] Started vblank event thread!
 WARN [u_linux_try_to_set_realtime_priority_on_thread] Could not raise priority for thread 'VBlank Events'
 INFO [comp_vulkan_formats_log] Supported formats:
	VK_FORMAT_R16G16B16A16_UNORM: true
	VK_FORMAT_R16G16B16A16_SFLOAT: true
	VK_FORMAT_R16G16B16_UNORM: false
	VK_FORMAT_R16G16B16_SFLOAT: false
	VK_FORMAT_R8G8B8A8_SRGB: true
	VK_FORMAT_B8G8R8A8_SRGB: true
	VK_FORMAT_R8G8B8_SRGB: false
	VK_FORMAT_R8G8B8A8_UNORM: true
	VK_FORMAT_B8G8R8A8_UNORM: true
	VK_FORMAT_R8G8B8_UNORM: false
	VK_FORMAT_B8G8R8_UNORM: false
	VK_FORMAT_R5G6B5_UNORM_PACK16: true
	VK_FORMAT_R32_SFLOAT: true
	VK_FORMAT_D32_SFLOAT: true
	VK_FORMAT_D16_UNORM: true
	VK_FORMAT_X8_D24_UNORM_PACK32: false
	VK_FORMAT_D24_UNORM_S8_UINT: false
	VK_FORMAT_D32_SFLOAT_S8_UINT: true
	VK_FORMAT_S8_UINT: true
 WARN [u_linux_try_to_set_realtime_priority_on_thread] Could not raise priority for thread 'Multi Client Module'
, c = [ 661.864 469.517 ]
[II] k = [  0.070819 -0.023264  0.005108 -0.000523 ]
[II] Calibration capture enabled -> /home/mia/git/rift-cv1-center/captures/lin/2026-07-31/restore3.jsonl
[II] Loaded pose for sensor WMTD306Q701DEK from room store: "pos" : [ -1.080223, 1.242403, -0.743242 ], "orient" : [ 0.602096, -0.067780, 0.792231, 0.072504 ]
[II] Set sensor 0 pose to orient 0.602096 -0.067780 0.792231 0.072504  pos -1.080223 1.242403 -0.743242
Opened Rift Sensor 1 w/ Serial WMTD3052400VZL. Connecting to Radio address 0x11563cc989
[II] camera width 1280 height 960
[II] f = [ 716.734 716.734 ], c = [ 647.399 478.498 ]
[II] k = [  0.071847 -0.025176  0.006398 -0.000817 ]
[II] Loaded pose for sensor WMTD3052400VZL from room store: "pos" : [ -1.208607, 1.576339, 0.302083 ], "orient" : [ 0.690966, -0.085032, 0.713208, 0.081676 ]
[II] Set sensor 1 pose to orient 0.690966 -0.085032 0.713208 0.081676  pos -1.208607 1.576339 0.302083
Opened 2 Rift Sensor cameras
UVC PTS changed in-frame at 16372 bytes. Lost 79 ms
UVC Dropping short frame: 16372 < 1228800 (1212428 lost)
Temperature: 52.7 °C
UVC PTS changed in-frame at 16372 bytes. Lost 37 ms
UVC Dropping short frame: 16372 < 1228800 (1212428 lost)
Temperature: 50.0 °C
[II] HMD device frame: IMU at [-0.0166 0.0345 0.0331] m; screen 0.1193 x 0.0663 m; lens separation 0.0540 m, v-centre 0.0308 m, eye-to-screen 0.0396/0.0396 m
[II] HMD LED model spans z -0.0088..0.0744, y -0.0436..0.0438 m (34 LEDs, before the 180 deg model rotation)
[II] Device 0 using OVR-SDK complementary fusion backend
device 0 online. Now tracking.
[WW] Exposure timestamp 1270091008 was more than 1.5 IMU samples earlier than IMU ts 1270100469 by 9461 µS
[II] calib feed: 1 observations offered (auto_calib 1, sensors 2, exposure_info yes, device 0)
[II] calib feed WMTD3052400VZL: 1 obs, 0 paired, history 0 over 0 viewpoints, 0 solves, residual -1.00 px, uncalibrated
[WW] Device 0: late pose time 62.094 ms from WMTD306Q701DEK (1 so far, worst 62.094 ms)
[II] Forcing orientation observation
[II] output correction bleeding ON (OHMD_RIFT_BLEED=1)
[II] Matched orientation after 0.016028 sec
[II] angular velocity exported in the device-local frame
[II] velocity smoothing: tau 25 ms, speed-adaptive
[II] Device 0: IMU saturation (accel), 1 samples so far - the reading is clipped, so it is being ignored rather than integrated
[II] frame-timing WMTD306Q701DEK: 300 frames, 56 missed exposure, diff avg -0.57 min -3.81 max 1.69 ms
[II] Matched orientation after 0.627100 sec
[II] sensor WMTD3052400VZL calibration SETTLED
[II] Device 0: joint reconstruction 1 solved, 0 rejected, 213 single-camera (0 observations arrived too late to count)
[II] Ignoring position observation with error -0.000977 0.114443 -0.005075 (prior stddev was 0.100000 0.100000 0.100000)

[II] sensor WMTD3052400VZL: adopted calibration from 30 poses over 2 viewpoints (stored: 1), residual 5.66 px (estimated)
[II] sensor WMTD3052400VZL: the stored calibration left 2.76 px; moving the sensor 33.2 mm / 1.22 deg
[II] Set sensor 1 pose to orient 0.698066 -0.087996 0.705857 0.082019  pos -1.210384 1.586369 0.333637
[II] sensor WMTD3052400VZL: re-solved calibration from 32 poses over 2 viewpoints (stored: 2), residual 2.47 px (estimated)
[II] sensor WMTD3052400VZL: its previous calibration left 5.69 px; moving the sensor 25.7 mm / 0.96 deg
[II] Set sensor 1 pose to orient 0.692631 -0.085211 0.711566 0.081706  pos -1.209341 1.577883 0.309375
[II] sensor WMTD3052400VZL calibration SETTLED
[II] HMD obs quality: full(strong+ids) 294 ids-verified 6 strong 0 prior-agree 0 reacquire 0 rejected 0 | flags: led-ids 300 strong 294
[II] frame-timing WMTD3052400VZL: 300 frames, 2 missed exposure, diff avg -0.68 min -4.12 max 1.84 ms
[II] sensor WMTD3052400VZL: re-solved calibration from 64 poses over 3 viewpoints (stored: 2), residual 2.07 px (estimated)
[II] sensor WMTD3052400VZL: its previous calibration left 2.50 px; moving the sensor 12.8 mm / 0.53 deg
[II] Set sensor 1 pose to orient 0.691501 -0.088205 0.711914 0.084998  pos -1.209325 1.590220 0.305822
[II] sensor WMTD30524 INFO [client_connected] Client 1 connected
 INFO [ipc_handle_instance_describe_client] Client info:
	id: 1
	application_name: 'steam'
	pid: 237734
	extensions:
		ext_hand_tracking_enabled: true
		ext_hand_tracking_data_source_enabled: false
		ext_eye_gaze_interaction_enabled: false
		ext_future_enabled: false
		ext_hand_interaction_enabled: false
		htc_facial_tracking_enabled: false
		fb_body_tracking_enabled: false
		meta_body_tracking_full_body_enabled: false
		meta_body_tracking_calibration_enabled: false
		meta_body_tracking_fidelity_enabled: false
		fb_face_tracking2_enabled: false
		android_face_tracking_enabled: false
 INFO [client_disconnected] Client 1 disconnected
 WARN [renderer_wait_for_present] Compositor probably missed frame by 8.08ms
 INFO [client_connected] Client 2 connected
 INFO [ipc_handle_instance_describe_client] Client info:
	id: 2
	application_name: 'wineopenxr test instance'
	pid: 237734
	extensions:
		ext_hand_tracking_enabled: false
		ext_hand_tracking_data_source_enabled: false
		ext_eye_gaze_interaction_enabled: false
		ext_future_enabled: false
		ext_hand_interaction_enabled: false
		htc_facial_tracking_enabled: false
		fb_body_tracking_enabled: false
		meta_body_tracking_full_body_enabled: false
		meta_body_tracking_calibration_enabled: false
		meta_body_tracking_fidelity_enabled: false
		fb_face_tracking2_enabled: false
		android_face_tracking_enabled: false
 INFO [client_disconnected] Client 2 disconnected
 INFO [client_connected] Client 3 connected
 INFO [ipc_handle_instance_describe_client] Client info:
	id: 3
	application_name: 'Bigscreen'
	pid: 237828
	extensions:
		ext_hand_tracking_enabled: true
		ext_hand_tracking_data_source_enabled: false
		ext_eye_gaze_interaction_enabled: false
		ext_future_enabled: false
		ext_hand_interaction_enabled: false
		htc_facial_tracking_enabled: false
		fb_body_tracking_enabled: false
		meta_body_tracking_full_body_enabled: false
		meta_body_tracking_calibration_enabled: false
		meta_body_tracking_fidelity_enabled: false
		fb_face_tracking2_enabled: false
		android_face_tracking_enabled: false
 WARN [renderer_wait_for_present] Compositor probably missed frame by 11.14ms
 WARN [renderer_wait_for_present] Compositor probably missed frame by 11.09ms
 WARN [renderer_wait_for_present] Compositor probably missed frame by 11.18ms
 WARN [renderer_wait_for_present] Compositor probably missed frame by 11.15ms
00VZL calibration SETTLED
[II] sensor WMTD3052400VZL: re-solved calibration from 142 poses over 3 viewpoints (stored: 3), residual 1.70 px - SETTLED
[II] sensor WMTD3052400VZL: its previous calibration left 2.01 px; moving the sensor 5.6 mm / 0.24 deg
[II] Set sensor 1 pose to orient 0.690112 -0.087625 0.713285 0.085400  pos -1.209423 1.590239 0.300216
[II] sensor WMTD3052400VZL calibration SETTLED
[II] HMD obs quality: full(strong+ids) 300 ids-verified 0 strong 0 prior-agree 0 reacquire 0 rejected 0 | flags: led-ids 300 strong 300
[WW] Exposure timestamp 1279038208 was more than 1.5 IMU samples earlier than IMU ts 1279040225 by 2017 µS
[II] accelerometer scale check: |accel| at rest mean 10.2255 m/s^2 (4.27% vs 9.8067), range 8.454..12.178, 4764 quiet samples | hw calibration NOT requested (driver applies its own)
[II] frame-timing WMTD306Q701DEK: 300 frames, 0 missed exposure, diff avg -0.60 min -3.68 max 2.30 ms
[II] vision-vs-fusion orientation error over 10 s: yaw mean 0.34 max 60.73 deg, tilt mean 0.93 max 2.08 deg | above 1 deg for 47% of the time, 12 episodes, mean 195 ms worst 1050 ms | 2 snaps | gains yaw 0.25 tilt 0.50 /s
[II] Device 0: joint reconstruction 301 solved, 0 rejected, 519 single-camera (0 observations arrived too late to count)
[II] HMD obs quality: full(strong+ids) 300 ids-verified 0 strong 0 prior-agree 0 reacquire 0 rejected 0 | flags: led-ids 300 strong 300
[II] frame-timing WMTD3052400VZL: 300 frames, 0 missed exposure, diff avg -0.70 min -3.85 max 2.13 ms
[II] calib feed: 901 observations offered (auto_calib 1, sensors 2, exposure_info yes, device 0)
[II] calib feed WMTD3052400VZL: 901 obs, 345 paired, history 192 over 3 viewpoints, 20 solves, residual 0.90 px, CALIBRATED
[II] HMD obs quality: full(strong+ids) 300 ids-verified 0 strong 0 prior-agree 0 reacquire 0 rejected 0 | flags: led-ids 300 strong 300
[WW] Exposure timestamp 1285201408 was more than 1.5 IMU samples earlier than IMU ts 1285203001 by 1593 µS
[II] frame-timing WMTD306Q701DEK: 300 frames, 0 missed exposure, diff avg -0.60 min -3.65 max 2.11 ms
[II] Device 0: joint reconstruction 601 solved, 0 rejected, 819 single-camera (0 observations arrived too late to count)
[II] HMD obs quality: full(strong+ids) 300 ids-verified 0 strong 0 prior-agree 0 reacquire 0 rejected 0 | flags: led-ids 300 strong 300
[II] frame-timing WMTD3052400VZL: 300 frames, 0 missed exposure, diff avg -0.72 min -3.10 max 1.88 ms
[II] sensor 0 calibration feed: 901 offered, 895 passed - rejected 0 for LED ids, 6 for too few blobs (<10), 0 for error
[II] sensor WMTD3052400VZL: re-solved calibration from 192 poses over 3 viewpoints (stored: 3), residual 1.34 px - SETTLED
[II] sensor WMTD3052400VZL: its previous calibration left 1.59 px; moving the sensor 9.0 mm / 0.36 deg
[II] Set sensor 1 pose to orient 0.690139 -0.085325 0.713783 0.083320  pos -1.209571 1.581296 0.299158
[II] sensor WMTD3052400VZL calibration SETTLED
[WW] Exposure timestamp 1289099008 was more than 1.5 IMU samples earlier than IMU ts 1289100855 by 1847 µS
[II] accelerometer scale check: |accel| at rest mean 10.0524 m/s^2 (2.51% vs 9.8067), range 9.604..10.437, 2969 quiet samples | hw calibration NOT requested (driver applies its own)
[II] HMD obs quality: full(strong+ids) 300 ids-verified 0 strong 0 prior-agree 0 reacquire 0 rejected 0 | flags: led-ids 300 strong 300
[II] calib feed: 1801 observations offered (auto_calib 1, sensors 2, exposure_info yes, device 0)
[II] calib feed WMTD3052400VZL: 1801 obs, 795 paired, history 192 over 3 viewpoints, 48 solves, residual 1.14 px, CALIBRATED
[II] vision-vs-fusion orientation error over 10 s: yaw mean 0.17 max 0.70 deg, tilt mean 2.15 max 2.76 deg | above 1 deg for 124% of the time, 0 episodes, mean 0 ms worst 0 ms | 0 snaps | gains yaw 0.25 tilt 0.50 /s
[WW] Exposure timestamp 1291403008 was more than 1.5 IMU samples earlier than IMU ts 1291404897 by 1889 µS
[II] frame-timing WMTD306Q701DEK: 300 frames, 0 missed exposure, diff avg -0.74 min -3.90 max 1.62 ms
[II] sensor 1 calibration feed: 901 offered, 893 passed - rejected 0 for LED ids, 8 for WARN [renderer_wait_for_present] Compositor probably missed frame by 11.18ms
 WARN [renderer_wait_for_present] Compositor probably missed frame by 11.21ms
 too few blobs (<10), 0 for error
[II] Device 0: joint reconstruction 901 solved, 0 rejected, 1119 single-camera (0 observations arrived too late to count)
[II] HMD obs quality: full(strong+ids) 300 ids-verified 0 strong 0 prior-agree 0 reacquire 0 rejected 0 | flags: led-ids 300 strong 300
[II] frame-timing WMTD3052400VZL: 300 frames, 0 missed exposure, diff avg -0.80 min -4.08 max 1.72 ms
[II] Device 0: joint reconstruction over 2 cameras left 2.09 px in the worst camera (>2.0 px) - check sensor calibration
[II] HMD obs quality: full(strong+ids) 300 ids-verified 0 strong 0 prior-agree 0 reacquire 0 rejected 0 | flags: led-ids 300 strong 300
[II] frame-timing WMTD306Q701DEK: 300 frames, 0 missed exposure, diff avg -0.70 min -4.11 max 2.32 ms
[WW] Exposure timestamp 1298123008 was more than 1.5 IMU samples earlier than IMU ts 1298124715 by 1707 µS
[II] Device 0: joint reconstruction 1201 solved, 1 rejected, 1420 single-camera (0 observations arrived too late to count)
[II] HMD obs quality: full(strong+ids) 300 ids-verified 0 strong 0 prior-agree 0 reacquire 0 rejected 0 | flags: led-ids 300 strong 300
[II] frame-timing WMTD3052400VZL: 300 frames, 0 missed exposure, diff avg -0.74 min -4.31 max 2.12 ms
[II] calib feed: 2701 observations offered (auto_calib 1, sensors 2, exposure_info yes, device 0)
[II] calib feed WMTD3052400VZL: 2701 obs, 1245 paired, history 192 over 3 viewpoints, 76 solves, residual 1.54 px, CALIBRATED
[II] accelerometer scale check: |accel| at rest mean 10.0322 m/s^2 (2.30% vs 9.8067), range 8.897..10.916, 1370 quiet samples | hw calibration NOT requested (driver applies its own)
[II] vision-vs-fusion orientation error over 10 s: yaw mean 0.27 max 10.15 deg, tilt mean 2.16 max 6.68 deg | above 1 deg for 224% of the time, 0 episodes, mean 0 ms worst 0 ms | 2 snaps | gains yaw 0.25 tilt 0.50 /s
[II] HMD obs quality: full(strong+ids) 300 ids-verified 0 strong 0 prior-agree 0 reacquire 0 rejected 0 | flags: led-ids 300 strong 300
[WW] Exposure timestamp 1302155008 was more than 1.5 IMU samples earlier than IMU ts 1302156811 by 1803 µS
[II] sensor WMTD3052400VZL: re-solved calibration from 192 poses over 3 viewpoints (stored: 3), residual 1.42 px - SETTLED
[II] sensor WMTD3052400VZL: its previous calibration left 1.68 px; moving the sensor 5.5 mm / 0.23 deg
[II] Set sensor 1 pose to orient 0.689941 -0.083994 0.714295 0.081916  pos -1.210109 1.575887 0.298119
[II] sensor WMTD3052400VZL calibration SETTLED
[II] frame-timing WMTD306Q701DEK: 300 frames, 0 missed exposure, diff avg -0.65 min -3.59 max 1.99 ms
[II] Device 0: joint reconstruction 1501 solved, 1 rejected, 1720 single-camera (0 observations arrived too late to count)
[II] HMD obs quality: full(strong+ids) 300 ids-verified 0 strong 0 prior-agree 0 reacquire 0 rejected 0 | flags: led-ids 300 strong 300
[II] frame-timing WMTD3052400VZL: 300 frames, 0 missed exposure, diff avg -0.66 min -3.29 max 1.86 ms
[II] sensor 0 calibration feed: 1801 offered, 1795 passed - rejected 0 for LED ids, 6 for too few blobs (<10), 0 for error
[II] HMD obs quality: full(strong+ids) 300 ids-verified 0 strong 0 prior-agree 0 reacquire 0 rejected 0 | flags: led-ids 300 strong 300
[WW] Exposure timestamp 1308299008 was more than 1.5 IMU samples earlier than IMU ts 1308300634 by 1626 µS
[II] calib feed: 3601 observations offered (auto_calib 1, sensors 2, exposure_info yes, device 0)
[II] calib feed WMTD3052400VZL: 3601 obs, 1625 paired, history 192 over 3 viewpoints, 100 solves, residual 1.53 px, CALIBRATED
[II] frame-timing WMTD306Q701DEK: 300 frames, 0 missed exposure, diff avg -0.65 min -3.30 max 1.73 ms
[II] sensor 1 calibration feed: 1801 offered, 1653 passed - rejected 0 for LED ids, 148 for too few blobs (<10), 0 for error
[II] Device 0: joint reconstruction 1801 solved, 1 rejected, 2020 single-camera (0 observations arrived too late to count)
[II] sensor WMTD3052400VZL: re-solved calibration from 192 poses over 3 viewpoints (stored: 3), residual 1.57 px - SETTLED
[II] sensor WMTD3052400VZL: its previous calibration left 1.85 px; moving the sensor 6.4 mm / 0.32 deg
 WARN [renderer_wait_for_present] Compositor probably missed frame by 11.20ms
 WARN [renderer_wait_for_present] Compositor probably missed frame by 11.18ms
 WARN [renderer_wait_for_present] Compositor probably missed frame by 11.15ms
[II] Set sensor 1 pose to orient 0.690864 -0.081505 0.713763 0.081283  pos -1.210039 1.571051 0.302236
[II] sensor WMTD3052400VZL calibration SETTLED
[II] accelerometer scale check: |accel| at rest mean 10.0087 m/s^2 (2.06% vs 9.8067), range 9.553..10.942, 848 quiet samples | hw calibration NOT requested (driver applies its own)
[II] HMD obs quality: full(strong+ids) 300 ids-verified 0 strong 0 prior-agree 0 reacquire 0 rejected 0 | flags: led-ids 300 strong 300
[II] frame-timing WMTD3052400VZL: 300 frames, 0 missed exposure, diff avg -0.68 min -3.23 max 1.71 ms
[II] vision-vs-fusion orientation error over 10 s: yaw mean 0.28 max 2.99 deg, tilt mean 2.23 max 4.00 deg | above 1 deg for 324% of the time, 0 episodes, mean 0 ms worst 0 ms | 0 snaps | gains yaw 0.25 tilt 0.50 /s
[II] HMD obs quality: full(strong+ids) 300 ids-verified 0 strong 0 prior-agree 0 reacquire 0 rejected 0 | flags: led-ids 300 strong 300
[II] frame-timing WMTD306Q701DEK: 300 frames, 0 missed exposure, diff avg -0.64 min -3.71 max 2.13 ms
[II] Device 0: joint reconstruction 2101 solved, 1 rejected, 2320 single-camera (0 observations arrived too late to count)
[II] HMD obs quality: full(strong+ids) 300 ids-verified 0 strong 0 prior-agree 0 reacquire 0 rejected 0 | flags: led-ids 300 strong 300
[II] frame-timing WMTD3052400VZL: 300 frames, 0 missed exposure, diff avg -0.61 min -4.00 max 1.78 ms
[WW] Exposure timestamp 1316727808 was more than 1.5 IMU samples earlier than IMU ts 1316729499 by 1691 µS
[WW] Exposure timestamp 1316939008 was more than 1.5 IMU samples earlier than IMU ts 1316940873 by 1865 µS
[II] calib feed: 4501 observations offered (auto_calib 1, sensors 2, exposure_info yes, device 0)
[II] calib feed WMTD3052400VZL: 4501 obs, 2037 paired, history 192 over 3 viewpoints, 126 solves, residual 4.15 px, estimated
[II] HMD obs quality: full(strong+ids) 300 ids-verified 0 strong 0 prior-agree 0 reacquire 0 rejected 0 | flags: led-ids 300 strong 300
[II] accelerometer scale check: |accel| at rest mean 10.0559 m/s^2 (2.54% vs 9.8067), range 9.551..10.384, 2842 quiet samples | hw calibration NOT requested (driver applies its own)
[II] vision-vs-fusion orientation error over 10 s: yaw mean 0.20 max 6.71 deg, tilt mean 2.44 max 5.72 deg | above 1 deg for 424% of the time, 0 episodes, mean 0 ms worst 0 ms | 2 snaps | gains yaw 0.25 tilt 0.50 /s
[II] frame-timing WMTD306Q701DEK: 300 frames, 0 missed exposure, diff avg -0.63 min -3.47 max 2.08 ms
[II] Device 0: joint reconstruction 2401 solved, 1 rejected, 2620 single-camera (0 observations arrived too late to count)
[II] HMD obs quality: full(strong+ids) 300 ids-verified 0 strong 0 prior-agree 0 reacquire 0 rejected 0 | flags: led-ids 300 strong 300
[II] frame-timing WMTD3052400VZL: 300 frames, 0 missed exposure, diff avg -0.66 min -3.81 max 1.76 ms
[WW] Exposure timestamp 1322507008 was more than 1.5 IMU samples earlier than IMU ts 1322508705 by 1697 µS
[II] sensor 0 calibration feed: 2701 offered, 2662 passed - rejected 0 for LED ids, 39 for too few blobs (<10), 0 for error
[II] HMD obs quality: full(strong+ids) 300 ids-verified 0 strong 0 prior-agree 0 reacquire 0 rejected 0 | flags: led-ids 300 strong 300
[II] frame-timing WMTD306Q701DEK: 300 frames, 0 missed exposure, diff avg -0.73 min -4.30 max 1.94 ms
[II] sensor 1 calibration feed: 2701 offered, 2444 passed - rejected 0 for LED ids, 257 for too few blobs (<10), 0 for error
[II] Device 0: joint reconstruction 2701 solved, 1 rejected, 2920 single-camera (0 observations arrived too late to count)
[II] calib feed: 5401 observations offered (auto_calib 1, sensors 2, exposure_info yes, device 0)
[II] calib feed WMTD3052400VZL: 5401 obs, 2487 paired, history 192 over 3 viewpoints, 154 solves, residual 4.49 px, estimated
[II] HMD obs quality: full(strong+ids) 300 ids-verified 0 strong 0 prior-agree 0 reacquire 0 rejected 0 | flags: led-ids 300 strong 300
[II] frame-timing WMTD3052400VZL: 300 frames, 0 missed exposure, diff avg -0.73 min -3.74 max 1.65 ms
[II] accelerometer scale check: |accel| at rest mean 9.9260 m/s^2 (1.22% vs 9.8067), range 9.38 WARN [renderer_wait_for_present] Compositor probably missed frame by 11.17ms
 WARN [renderer_wait_for_present] Compositor probably missed frame by 11.17ms
 WARN [renderer_wait_for_present] Compositor probably missed frame by 11.19ms
 INFO [client_disconnected] Client 3 disconnected
 INFO [ipc_server_main_common] Server exiting: '0'
5..10.385, 1293 quiet samples | hw calibration NOT requested (driver applies its own)
[II] HMD obs quality: full(strong+ids) 300 ids-verified 0 strong 0 prior-agree 0 reacquire 0 rejected 0 | flags: led-ids 300 strong 300
[II] vision-vs-fusion orientation error over 10 s: yaw mean 0.20 max 1.65 deg, tilt mean 2.40 max 2.71 deg | above 1 deg for 524% of the time, 0 episodes, mean 0 ms worst 0 ms | 0 snaps | gains yaw 0.25 tilt 0.50 /s
[II] frame-timing WMTD306Q701DEK: 300 frames, 0 missed exposure, diff avg -0.69 min -3.74 max 2.11 ms
[II] Device 0: joint reconstruction 3001 solved, 1 rejected, 3220 single-camera (0 observations arrived too late to count)
[II] HMD obs quality: full(strong+ids) 300 ids-verified 0 strong 0 prior-agree 0 reacquire 0 rejected 0 | flags: led-ids 300 strong 300
[II] frame-timing WMTD3052400VZL: 300 frames, 0 missed exposure, diff avg -0.65 min -3.47 max 2.09 ms
[II] HMD obs quality: full(strong+ids) 300 ids-verified 0 strong 0 prior-agree 0 reacquire 0 rejected 0 | flags: led-ids 300 strong 300
[II] frame-timing WMTD306Q701DEK: 300 frames, 0 missed exposure, diff avg -0.70 min -3.37 max 1.76 ms
[II] calib feed: 6301 observations offered (auto_calib 1, sensors 2, exposure_info yes, device 0)
[II] calib feed WMTD3052400VZL: 6301 obs, 2831 paired, history 192 over 3 viewpoints, 175 solves, residual 2.68 px, estimated
[II] frame-timing WMTD3052400VZL: 300 frames, 0 missed exposure, diff avg -0.73 min -3.87 max 1.87 ms
[II] accelerometer scale check: |accel| at rest mean 10.1220 m/s^2 (3.21% vs 9.8067), range 9.591..10.385, 4191 quiet samples | hw calibration NOT requested (driver applies its own)
[II] sensor 0 calibration feed: 3601 offered, 3509 passed - rejected 0 for LED ids, 92 for too few blobs (<10), 0 for error
[II] vision-vs-fusion orientation error over 10 s: yaw mean 0.60 max 3.24 deg, tilt mean 2.36 max 5.50 deg | above 1 deg for 624% of the time, 0 episodes, mean 0 ms worst 0 ms | 0 snaps | gains yaw 0.25 tilt 0.50 /s
[II] HMD obs quality: full(strong+ids) 300 ids-verified 0 strong 0 prior-agree 0 reacquire 0 rejected 0 | flags: led-ids 300 strong 300
[WW] Exposure timestamp 1342071808 was more than 1.5 IMU samples earlier than IMU ts 1342073346 by 1538 µS
