+++ dirname /home/mia/.local/share/Steam/steamapps/common/SteamVR/bin/vrmonitor.sh
++ cd /home/mia/.local/share/Steam/steamapps/common/SteamVR/bin/
++ pwd
+ VRBINDIR=/home/mia/.local/share/Steam/steamapps/common/SteamVR/bin
+ [[ -n '' ]]
+ exec /home/mia/.local/share/Steam/steamapps/common/SteamVR/bin/vrenv.sh /home/mia/.local/share/Steam/steamapps/common/SteamVR/bin/vrmonitor.sh
vrenv.sh[254099]: VRCOMPOSITOR_LD_LIBRARY_PATH=/home/mia/git/rift-cv1-center:/home/mia/.local/share/Steam/steamapps/common/SteamVR/bin/linux64/qt/lib:/home/mia/.local/share/Steam/steamapps/common/SteamVR/bin/linux64
vrenv.sh[254099]: exec /home/mia/.local/share/Steam/steamapps/common/SteamVR/bin/vrmonitor.sh
+++ dirname /home/mia/.local/share/Steam/steamapps/common/SteamVR/bin/vrmonitor.sh
++ cd /home/mia/.local/share/Steam/steamapps/common/SteamVR/bin/
++ pwd
+ VRBINDIR=/home/mia/.local/share/Steam/steamapps/common/SteamVR/bin
+ [[ -n /home/mia/.local/share/Steam/steamapps/common/SteamVR/bin/vrenv.sh ]]
+ case $(uname) in
++ uname
+ VRMONITOR=/home/mia/.local/share/Steam/steamapps/common/SteamVR/bin/linux64/vrmonitor
+ exec /home/mia/.local/share/Steam/steamapps/common/SteamVR/bin/linux64/vrmonitor
Using breakpad crash handler
Setting breakpad minidump AppID = 250820
Forcing breakpad minidump interfaces to load
Looking up breakpad interfaces from steamclient
Calling BreakpadMiniDumpSystemInit
07/31 20:39:16 minidumps folder is set to /tmp/dumps
07/31 20:39:16 Init: Installing breakpad exception handler for appid(250820)/version(2.16.7)/tid(254099)
static QPlatformTheme* QKdeTheme::createKdeTheme(): Unable to determine KDE dirs
sh: line 1: steamxdg-icon-resource: command not found
sh: line 1: steam-runtime-launch-client: command not found
QObject::connect: No such slot CQVRMonitorController::OnStartRecordingAction() in /data/src/vrmonitor/qvrmonitorcontroller.cpp:1112
QObject::connect: No such slot CQVRMonitorController::OnStopRecordingAction() in /data/src/vrmonitor/qvrmonitorcontroller.cpp:1115
libpng warning: iCCP: known incorrect sRGB profile
libpng warning: iCCP: known incorrect sRGB profile
libpng warning: iCCP: known incorrect sRGB profile
libpng warning: iCCP: known incorrect sRGB profile
libpng warning: iCCP: known incorrect sRGB profile
libpng warning: iCCP: known incorrect sRGB profile
libpng warning: iCCP: known incorrect sRGB profile
libpng warning: iCCP: known incorrect sRGB profile
libpng warning: iCCP: known incorrect sRGB profile
libpng warning: iCCP: known incorrect sRGB profile
libpng warning: iCCP: known incorrect sRGB profile
libpng warning: iCCP: known incorrect sRGB profile
libpng warning: iCCP: known incorrect sRGB profile
libpng warning: iCCP: known incorrect sRGB profile
libpng warning: iCCP: known incorrect sRGB profile
libpng warning: iCCP: known incorrect sRGB profile
libpng warning: iCCP: known incorrect sRGB profile
libpng warning: iCCP: known incorrect sRGB profile
libpng warning: iCCP: known incorrect sRGB profile
libpng warning: iCCP: known incorrect sRGB profile
libpng warning: iCCP: known incorrect sRGB profile
libpng warning: iCCP: known incorrect sRGB profile
libpng warning: iCCP: known incorrect sRGB profile
libpng warning: iCCP: known incorrect sRGB profile
libpng warning: iCCP: known incorrect sRGB profile
libpng warning: iCCP: known incorrect sRGB profile
libpng warning: iCCP: known incorrect sRGB profile
libpng warning: iCCP: known incorrect sRGB profile
CQVRMonitorHeadsetWarning(0x55a77044c2c0)  does not have a property named  "green_color"
CQVRMonitorHeadsetWarning(0x55a77044c2c0)  does not have a property named  "red_color"
Using breakpad crash handler
Setting breakpad minidump AppID = 250820
Forcing breakpad minidump interfaces to load
Looking up breakpad interfaces from steamclient
Calling BreakpadMiniDumpSystemInit
07/31 20:39:16 minidumps folder is set to /tmp/dumps
07/31 20:39:16 Init: Installing breakpad exception handler for appid(250820)/version(2.16.7)/tid(254204)
[S_API] SteamAPI_Init(): Loaded '/home/mia/.local/share/Steam/linux64/steamclient.so' OK.
VR Server (v1781734990)

Looking up breakpad interfaces from steamclient
Calling BreakpadMiniDumpSystemInit
SteamInternal_SetMinidumpSteamID:  Caching Steam ID:  76561198428899653 [API loaded yes]
SteamInternal_SetMinidumpSteamID:  Setting Steam ID:  76561198428899653
[II] HMD IMU calibration  gyro_offset [ -0.003900, 0.001300, 0.001100 ]  accel_offset [ 0.108000, -0.305600, 0.024900 ]
[II]   gyro_calib = 
[II]   [    0.999,    0.005,   -0.021 ]
[II]   [    0.004,    1.000,   -0.007 ]
[II]   [    0.008,    0.038,    0.999 ]
[II]   accel_calib = 
[II]   [    1.021,    0.001,   -0.018 ]
[II]   [    0.001,    1.037,    0.022 ]
[II]   [    0.004,   -0.005,    0.963 ]
[II] HMD accel calibration matrix: mean row norm 1.0072 -> 1.0000 (scale removed 0.72%)
[II] HMD gyro calibration matrix: mean row norm 0.9994 -> 1.0000 (scale removed -0.06%)
[II] CV1 display config: brightness=0 flags=0x400 persistence=273/1472 rows
[II] Using 34 visor LEDs; dropped 10 headband LEDs (not tracked as a separate body yet - the headset is only trackable from the front)
LED model: HMD LEDs
{ .pos = {0.062939,-0.032042,0.067541}, .dir={0.181956,-0.102972,0.977900}, .pattern=0x1 },
{ .pos = {0.077151,0.000993,0.065562}, .dir={0.299055,0.001984,0.954234}, .pattern=0x6 },
{ .pos = {0.028983,-0.019018,0.073518}, .dir={0.082983,-0.096960,0.991823}, .pattern=0x1a },
{ .pos = {-0.000097,-0.033045,0.072449}, .dir={0.000000,-0.188028,0.982164}, .pattern=0x1d },
{ .pos = {-0.028998,-0.019144,0.073384}, .dir={-0.082983,-0.096960,0.991823}, .pattern=0x28 },
{ .pos = {-0.063022,-0.032156,0.067359}, .dir={-0.181956,-0.102972,0.977900}, .pattern=0x2f },
{ .pos = {-0.077078,0.000964,0.065342}, .dir={-0.299055,0.001984,0.954234}, .pattern=0x33 },
{ .pos = {-0.054039,0.034440,0.068623}, .dir={-0.140969,0.134957,0.980772}, .pattern=0x4b },
{ .pos = {-0.020202,0.017950,0.074224}, .dir={-0.056979,0.095951,0.993754}, .pattern=0x4c },
{ .pos = {0.053973,0.034595,0.069160}, .dir={0.140969,0.134957,0.980772}, .pattern=0x57 },
{ .pos = {0.020062,0.018061,0.074368}, .dir={0.056979,0.095951,0.993754}, .pattern=0x62 },
{ .pos = {-0.078856,-0.011904,0.028395}, .dir={-0.993057,-0.099980,-0.061984}, .pattern=0x65 },
{ .pos = {-0.077293,-0.012335,-0.008668}, .dir={-0.981566,-0.188915,-0.028963}, .pattern=0x79 },
{ .pos = {-0.070740,-0.031349,0.010284}, .dir={-0.734056,-0.668042,-0.121987}, .pattern=0x7e },
{ .pos = {-0.059124,-0.040984,0.036314}, .dir={-0.153997,-0.983099,-0.099003}, .pattern=0x90 },
{ .pos = {0.058835,-0.040830,0.035942}, .dir={0.153997,-0.983099,-0.099003}, .pattern=0xa4 },
{ .pos = {0.028165,-0.043453,0.061352}, .dir={-0.004975,-0.998636,-0.051974}, .pattern=0x114 },
{ .pos = {-0.080319,-0.024476,0.053355}, .dir={-0.947594,-0.225904,-0.225904}, .pattern=0x151 },
{ .pos = {-0.027992,-0.043610,0.061432}, .dir={0.004975,-0.998636,-0.051974}, .pattern=0x183 },
{ .pos = {0.070561,-0.031850,0.009988}, .dir={0.734056,-0.668042,-0.121987}, .pattern=0x18c },
{ .pos = {0.077672,-0.012729,-0.008828}, .dir={0.981566,-0.188915,-0.028963}, .pattern=0x199 },
{ .pos = {0.079252,-0.012425,0.027945}, .dir={0.993057,-0.099980,-0.061984}, .pattern=0x1aa },
{ .pos = {0.080678,-0.024862,0.053475}, .dir={0.947594,-0.225904,-0.225904}, .pattern=0x1b5 },
{ .pos = {-0.029139,0.043728,0.057487}, .dir={-0.004975,0.999980,0.003998}, .pattern=0x1c0 },
{ .pos = {-0.078382,0.029385,0.053600}, .dir={-0.871752,0.428856,-0.236921}, .pattern=0x1cf },
{ .pos = {0.072131,0.030937,0.000022}, .dir={0.816019,0.577024,-0.033998}, .pattern=0x1d6 },
{ .pos = {0.067042,0.037833,0.030095}, .dir={0.526908,0.847875,-0.058962}, .pattern=0x1e9 },
{ .pos = {0.078260,0.029513,0.053292}, .dir={0.871752,0.428856,-0.236921}, .pattern=0x1f3 },
{ .pos = {0.028896,0.043669,0.057676}, .dir={0.004975,0.999980,0.003998}, .pattern=0x1fc },
{ .pos = {-0.067240,0.037555,0.029876}, .dir={-0.526908,0.847875,-0.058962}, .pattern=0x230 },
{ .pos = {-0.072200,0.030241,0.000120}, .dir={-0.816019,0.577024,-0.033998}, .pattern=0x252 },
{ .pos = {-0.041120,0.043276,0.023325}, .dir={-0.041995,0.999110,-0.003998}, .pattern=0x282 },
{ .pos = {0.000159,0.043811,0.033423}, .dir={0.005982,0.999932,0.009980}, .pattern=0x285 },
{ .pos = {0.041085,0.043260,0.023553}, .dir={0.041995,0.999110,-0.003998}, .pattern=0x29b },
[II] HMD IPD 63.5 mm, as reported by the headset (note: this is its stored figure, not vrcompositor-launcher.sh[254267]: Relaunch under scout LDLP runtime.
vrcompositor-launcher.sh[254267]: exec /home/mia/.steam/root/ubuntu12_32/steam-runtime/run.sh /home/mia/.local/share/Steam/steamapps/common/SteamVR/bin/linux64/vrcompositor-launcher.sh
vrcompositor-launcher.sh[254267]: Detected scout LDLP runtime.
Using breakpad crash handler
Setting breakpad minidump AppID = 250820
Forcing breakpad minidump interfaces to load
libpng warning: iCCP: known incorrect sRGB profile
libpng warning: iCCP: known incorrect sRGB profile
libpng warning: iCCP: known incorrect sRGB profile
libpng warning: iCCP: known incorrect sRGB profile
Looking up breakpad interfaces from steamclient
Calling BreakpadMiniDumpSystemInit
07/31 20:39:21 minidumps folder is set to /tmp/dumps
07/31 20:39:21 Init: Installing breakpad exception handler for appid(250820)/version(2.16.7)/tid(254307)
[S_API] SteamAPI_Init(): Loaded '/home/mia/.local/share/Steam/linux64/steamclient.so' OK.
Looking up breakpad interfaces from steamclient
Calling BreakpadMiniDumpSystemInit
SteamInternal_SetMinidumpSteamID:  Caching Steam ID:  76561198428899653 [API loaded yes]
SteamInternal_SetMinidumpSteamID:  Setting Steam ID:  76561198428899653
Initialize() is failed!!!
qt.network.ssl: QSslSocket: cannot resolve CRYPTO_num_locks
qt.network.ssl: QSslSocket: cannot resolve CRYPTO_set_id_callback
qt.network.ssl: QSslSocket: cannot resolve CRYPTO_set_locking_callback
qt.network.ssl: QSslSocket: cannot resolve ERR_free_strings
qt.network.ssl: QSslSocket: cannot resolve sk_new_null
qt.network.ssl: QSslSocket: cannot resolve sk_push
qt.network.ssl: QSslSocket: cannot resolve sk_free
qt.network.ssl: QSslSocket: cannot resolve sk_num
qt.network.ssl: QSslSocket: cannot resolve sk_pop_free
qt.network.ssl: QSslSocket: cannot resolve sk_value
qt.network.ssl: QSslSocket: cannot resolve SSL_get_peer_certificate
qt.network.ssl: QSslSocket: cannot resolve SSL_library_init
qt.network.ssl: QSslSocket: cannot resolve SSL_load_error_strings
qt.network.ssl: QSslSocket: cannot resolve SSL_get_ex_new_index
qt.network.ssl: QSslSocket: cannot resolve SSLv2_client_method
qt.network.ssl: QSslSocket: cannot resolve SSLv3_client_method
qt.network.ssl: QSslSocket: cannot resolve SSLv23_client_method
qt.network.ssl: QSslSocket: cannot resolve SSLv2_server_method
qt.network.ssl: QSslSocket: cannot resolve SSLv3_server_method
qt.network.ssl: QSslSocket: cannot resolve SSLv23_server_method
qt.network.ssl: QSslSocket: cannot resolve X509_STORE_CTX_get_chain
qt.network.ssl: QSslSocket: cannot resolve OPENSSL_add_all_algorithms_noconf
qt.network.ssl: QSslSocket: cannot resolve OPENSSL_add_all_algorithms_conf
qt.network.ssl: QSslSocket: cannot resolve SSLeay
qt.network.ssl: QSslSocket: cannot resolve SSLeay_version
qt.network.ssl: QSslSocket: cannot call unresolved function SSLeay
qt.network.ssl: QSslSocket: cannot call unresolved function CRYPTO_num_locks
qt.network.ssl: QSslSocket: cannot call unresolved function CRYPTO_set_id_callback
qt.network.ssl: QSslSocket: cannot call unresolved function CRYPTO_set_locking_callback
qt.network.ssl: QSslSocket: cannot call unresolved function SSL_library_init
qt.network.ssl: QSslSocket: cannot call unresolved function SSLv23_client_method
qt.network.ssl: QSslSocket: cannot call unresolved function sk_num
Using breakpad crash handler
Setting breakpad minidump AppID = 250820
Forcing breakpad minidump interfaces to load
Looking up breakpad interfaces from steamclient
Calling BreakpadMiniDumpSystemInit
07/31 20:39:21 minidumps folder is set to /tmp/dumps
07/31 20:39:21 Init: Installing breakpad exception handler for appid(250820)/version(2.16.7)/tid(254309)
[S_API] SteamAPI_Init(): Loaded '/home/mia/.local/share/Steam/linux64/steamclient.so' OK.
Looking up breakpad interfaces from steamclient
Calling BreakpadMiniDumpSystemInit
SteamInternal_SetMinidumpSteamID:  Caching Steam ID:  76561198428899653 [API loaded yes]
SteamInternal_SetMinidumpSteamID:  Setting Steam ID:  76561198428899653
[0731/203921.437596:ERROR:check.cc(376)] Check failed: false. NOTREACHED log messages are omitted in official builds. Sorry!
Using breakpad crash handler
Using breakpad crash handler
Setting breakpad minidump AppID = 250820
Setting breakpad minidump AppID = 250820
Forcing breakpad minidump interfaces to load
Forcing breakpad minidump interfaces to load
Looking up breakpad interfaces from steamclient
Calling BreakpadMiniDumpSystemInit
07/31 20:39:21 minidumps folder is set to /tmp/dumps
07/31 20:39:21 Init: Installing breakpad exception handler for appid(250820)/version(2.16.7)/tid(254349)
[0731/203921.476272:ERROR:check.cc(376)] Check failed: false. NOTREACHED log messages are omitted in official builds. Sorry!
Looking up breakpad interfaces from steamclient
Calling BreakpadMiniDumpSystemInit
07/31 20:39:21 minidumps folder is set to /tmp/dumps
07/31 20:39:21 Init: Installing breakpad exception handler for appid(250820)/version(2.16.7)/tid(254350)
[0731/203921.477558:ERROR:check.cc(376)] Check failed: false. NOTREACHED log messages are omitted in official builds. Sorry!
Fontconfig warning: "/etc/fonts/conf.d/48-guessfamily.conf", line 19: invalid attribute 'xsi:nil'
Fontconfig warning: "/etc/fonts/conf.d/48-guessfamily.conf", line 20: invalid constant used : 
Fontconfig warning: "/etc/fonts/conf.d/48-guessfamily.conf", line 23: invalid constant used : monospace
Fontconfig warning: "/etc/fonts/conf.d/48-guessfamily.conf", line 42: invalid attribute 'xsi:nil'
Fontconfig warning: "/etc/fonts/conf.d/48-guessfamily.conf", line 43: invalid constant used : 
Fontconfig warning: "/etc/fonts/conf.d/48-guessfamily.conf", line 46: invalid constant used : sans-serif
Fontconfig warning: "/etc/fonts/conf.d/48-guessfamily.conf", line 68: invalid attribute 'xsi:nil'
Fontconfig warning: "/etc/fonts/conf.d/48-guessfamily.conf", line 69: invalid constant used : 
Fontconfig warning: "/etc/fonts/conf.d/48-guessfamily.conf", line 72: invalid constant used : serif
Fontconfig warning: "/etc/fonts/conf.d/48-guessfamily.conf", line 88: invalid attribute 'xsi:nil'
Fontconfig warning: "/etc/fonts/conf.d/48-guessfamily.conf", line 89: invalid constant used : 
Fontconfig warning: "/etc/fonts/conf.d/48-guessfamily.conf", line 92: invalid constant used : emoji
Fontconfig warning: "/etc/fonts/conf.d/48-guessfamily.conf", line 108: invalid attribute 'xsi:nil'
Fontconfig warning: "/etc/fonts/conf.d/48-guessfamily.conf", line 109: invalid constant used : 
Fontconfig warning: "/etc/fonts/conf.d/48-guessfamily.conf", line 112: invalid constant used : math
Fontconfig warning: "/etc/fonts/conf.d/48-guessfamily.conf", line 120: invalid attribute 'xsi:nil'
Fontconfig warning: "/etc/fonts/conf.d/48-guessfamily.conf", line 121: invalid constant used : 
Fontconfig warning: "/etc/fonts/conf.d/48-guessfamily.conf", line 124: invalid constant used : system-ui
Fontconfig warning: "/etc/fonts/conf.d/48-guessfamily.conf", line 132: invalid attribute 'xsi:nil'
Fontconfig warning: "/etc/fonts/conf.d/48-guessfamily.conf", line 133: invalid constant used : 
Fontconfig warning: "/etc/fonts/conf.d/48-guessfamily.conf", line 136: invalid constant used : cursive
Fontconfig warning: "/etc/fonts/conf.d/48-guessfamily.conf", line 144: invalid attribute 'xsi:nil'
Fontconfig warning: "/etc/fonts/conf.d/48-guessfamily.conf", line 145: invalid constant used : 
Fontconfig warning: "/etc/fonts/conf.d/48-guessfamily.conf", line 148: invalid constant used : fantasy
Fontconfig warning: "/etc/fonts/conf.d/48-guessfamily.conf", line 156: invalid attribute 'xsi:nil'
Fontconfig warning: "/etc/fonts/conf.d/48-guessfamily.conf", line 157: invalid constant used : 
Fontconfig warning: "/etc/fonts/conf.d/48-guessfamily.conf", line 160: invalid constant used : ui-sans-serif
Fontconfig warning: "/etc/fonts/conf.d/48-guessfamily.conf", line 168: invalid attribute 'xsi:nil'
Fontconfig warning: "/etc/fonts/conf.d/48-guessfamily.conf", line 169: invalid constant used : 
Fontconfig warning: "/etc/fonts/conf.d/48-guessfamily.conf", line 172: invalid constant used : ui-serif
Fontconfig warning: "/etc/fonts/conf.d/48-guessfamily.conf", line 180: invalid attribute 'xsi:nil'
Fontconfig warning: "/etc/fonts/conf.d/48-guessfamily.conf", line 181: invalid constant used : 
Fontconfig warning: "/etc/fonts/conf.d/48-guessfamily.conf", line 184: invalid constant used : ui-monospace
Fontconfig warning: "/etc/fonts/conf.d/48-guessfamily.conf", line 192: invalid attribute 'xsi:nil'
Fontconfig warning: "/etc/fonts/conf.d/48-guessfamily.conf", line 193: invalid constant used : 
Fontconfig warning: "/etc/fonts/conf.d/48-guessfamily.conf", line 196: invalid constant used : ui-rounded
Fontconfig warning: "/etc/fonts/conf.d/48-guessfamily.conf", line 204: invalid attribute 'xsi:nil'
Fontconfig warning: "/etc/fonts/conf.d/48-guessfamily.conf", line 205: invalid constant used : 
Fontconfig warning: "/etc/fonts/conf.d/48-guessfamily.conf", line 208: invalid constant used : fangsong
Fontconfig warning: "/etc/fonts/conf.d/48-spacing.conf", line 14: invalid constant used : monospace
Fontconfig warning: "/etc/fonts/conf.d/49-sansserif.conf", line 10: invalid constant used : serif
Fontconfig warning: "/etc/fonts/conf.d/49-sansserif.conf", line 18: invalid constant used : sans-serif
Fontconfig warning: "/etc/fonts/conf.d/49-sansserif.conf", line 26: invalid constant used : monospace
Fontconfig warning: "/etc/fonts/conf.d/49-sansserif.conf", line 34: invalid constant used : emoji
Fontconfig warning: "/etc/fonts/conf.d/49-sansserif.conf", line 42: invalid constant used : math
Fontconfig warning: "/usr/share/fontconfig/conf.avail/48-guessfamily.conf", line 19: invalid attribute 'xsi:nil'
Fontconfig warning: "/usr/share/fontconfig/conf.avail/48-guessfamily.conf", line 20: invalid constant used : 
Fontconfig warning: "/usr/share/fontconfig/conf.avail/48-guessfamily.conf", line 23: invalid constant used : monospace
Fontconfig warning: "/usr/share/fontconfig/conf.avail/48-guessfamily.conf", line 42: invalid attribute 'xsi:nil'
Fontconfig warning: "/usr/share/fontconfig/conf.avail/48-guessfamily.conf", line 43: invalid constant used : 
Fontconfig warning: "/usr/share/fontconfig/conf.avail/48-guessfamily.conf", line 46: invalid constant used : sans-serif
Fontconfig warning: "/usr/share/fontconfig/conf.avail/48-guessfamily.conf", line 68: invalid attribute 'xsi:nil'
Fontconfig warning: "/usr/share/fontconfig/conf.avail/48-guessfamily.conf", line 69: invalid constant used : 
Fontconfig warning: "/usr/share/fontconfig/conf.avail/48-guessfamily.conf", line 72: invalid constant used : serif
Fontconfig warning: "/usr/share/fontconfig/conf.avail/48-guessfamily.conf", line 88: invalid attribute 'xsi:nil'
Fontconfig warning: "/usr/share/fontconfig/conf.avail/48-guessfamily.conf", line 89: invalid constant used : 
Fontconfig warning: "/usr/share/fontconfig/conf.avail/48-guessfamily.conf", line 92: invalid constant used : emoji
Fontconfig warning: "/usr/share/fontconfig/conf.avail/48-guessfamily.conf", line 108: invalid attribute 'xsi:nil'
Fontconfig warning: "/usr/share/fontconfig/conf.avail/48-guessfamily.conf", line 109: invalid constant used : 
Fontconfig warning: "/usr/share/fontconfig/conf.avail/48-guessfamily.conf", line 112: invalid constant used : math
Fontconfig warning: "/usr/share/fontconfig/conf.avail/48-guessfamily.conf", line 120: invalid attribute 'xsi:nil'
Fontconfig warning: "/usr/share/fontconfig/conf.avail/48-guessfamily.conf", line 121: invalid constant used : 
Fontconfig warning: "/usr/share/fontconfig/conf.avail/48-guessfamily.conf", line 124: invalid constant used : system-ui
Fontconfig warning: "/usr/share/fontconfig/conf.avail/48-guessfamily.conf", line 132: invalid attribute 'xsi:nil'
Fontconfig warning: "/usr/share/fontconfig/conf.avail/48-guessfamily.conf", line 133: invalid constant used : 
Fontconfig warning: "/usr/share/fontconfig/conf.avail/48-guessfamily.conf", line 136: invalid constant used : cursive
Fontconfig warning: "/usr/share/fontconfig/conf.avail/48-guessfamily.conf", line 144: invalid attribute 'xsi:nil'
Fontconfig warning: "/usr/share/fontconfig/conf.avail/48-guessfamily.conf", line 145: invalid constant used : 
Fontconfig warning: "/usr/share/fontconfig/conf.avail/48-guessfamily.conf", line 148: invalid constant used : fantasy
Fontconfig warning: "/usr/share/fontconfig/conf.avail/48-guessfamily.conf", line 156: invalid attribute 'xsi:nil'
Fontconfig warning: "/usr/share/fontconfig/conf.avail/48-guessfamily.conf", line 157: invalid constant used : 
Fontconfig warning: "/usr/share/fontconfig/conf.avail/48-guessfamily.conf", line 160: invalid constant used : ui-sans-serif
Fontconfig warning: "/usr/share/fontconfig/conf.avail/48-guessfamily.conf", line 168: invalid attribute 'xsi:nil'
Fontconfig warning: "/usr/share/fontconfig/conf.avail/48-guessfamily.conf", line 169: invalid constant used : 
Fontconfig warning: "/usr/share/fontconfig/conf.avail/48-guessfamily.conf", line 172: invalid constant used : ui-serif
Fontconfig warning: "/usr/share/fontconfig/conf.avail/48-guessfamily.conf", line 180: invalid attribute 'xsi:nil'
Fontconfig warning: "/usr/share/fontconfig/conf.avail/48-guessfamily.conf", line 181: invalid constant used : 
Fontconfig warning: "/usr/share/fontconfig/conf.avail/48-guessfamily.conf", line 184: invalid constant used : ui-monospace
Fontconfig warning: "/usr/share/fontconfig/conf.avail/48-guessfamily.conf", line 192: invalid attribute 'xsi:nil'
Fontconfig warning: "/usr/share/fontconfig/conf.avail/48-guessfamily.conf", line 193: invalid constant used : 
Fontconfig warning: "/usr/share/fontconfig/conf.avail/48-guessfamily.conf", line 196: invalid constant used : ui-rounded
Fontconfig warning: "/usr/share/fontconfig/conf.avail/48-guessfamily.conf", line 204: invalid attribute 'xsi:nil'
Fontconfig warning: "/usr/share/fontconfig/conf.avail/48-guessfamily.conf", line 205: invalid constant used : 
Fontconfig warning: "/usr/share/fontconfig/conf.avail/48-guessfamily.conf", line 208: invalid constant used : fangsong
Fontconfig warning: "/usr/share/fontconfig/conf.avail/48-spacing.conf", line 14: invalid constant used : monospace
Fontconfig warning: "/usr/share/fontconfig/conf.avail/49-sansserif.conf", line 10: invalid constant used : serif
Fontconfig warning: "/usr/share/fontconfig/conf.avail/49-sansserif.conf", line 18: invalid constant used : sans-serif
Fontconfig warning: "/usr/share/fontconfig/conf.avail/49-sansserif.conf", line 26: invalid constant used : monospace
Fontconfig warning: "/usr/share/fontconfig/conf.avail/49-sansserif.conf", line 34: invalid constant used : emoji
Fontconfig warning: "/usr/share/fontconfig/conf.avail/49-sansserif.conf", line 42: invalid constant used : math
Using breakpad crash handler
Setting breakpad minidump AppID = 250820
Forcing breakpad minidump interfaces to load
Looking up breakpad interfaces from steamclient
Calling BreakpadMiniDumpSystemInit
07/31 20:39:21 minidumps folder is set to /tmp/dumps
07/31 20:39:21 Init: Installing breakpad exception handler for appid(250820)/version(2.16.7)/tid(254412)
[0731/203921.727622:ERROR:check.cc(376)] Check failed: false. NOTREACHED log messages are omitted in official builds. Sorry!
Using breakpad crash handler
Setting breakpad minidump AppID = 250820
Forcing breakpad minidump interfaces to load
Looking up breakpad interfaces from steamclient
Calling BreakpadMiniDumpSystemInit
07/31 20:39:22 minidumps folder is set to /tmp/dumps
07/31 20:39:22 Init: Installing breakpad exception handler for appid(250820)/version(2.16.7)/tid(254555)
[0731/203922.200502:ERROR:check.cc(376)] Check failed: false. NOTREACHED log messages are omitted in official builds. Sorry!
the live slider position)
Opened Rift Sensor 0 w/ Serial WMTD306Q701DEK. Connecting to Radio address 0x11563cc989
[II] camera width 1280 height 960
[II] f = [ 716.935 716.935 ], c = [ 661.864 469.517 ]
[II] k = [  0.070819 -0.023264  0.005108 -0.000523 ]
[II] Calibration capture enabled -> /home/mia/git/rift-cv1-center/captures/lin/2026-07-31/settle3.jsonl
stream state: "connecting"
stream state: "connecting"
[II] Loaded pose for sensor WMTD306Q701DEK from room store: "pos" : [ -1.080223, 1.242403, -0.743242 ], "orient" : [ 0.602096, -0.067780, 0.792231, 0.072504 ]
[II] Set sensor 0 pose to orient 0.602096 -0.067780 0.792231 0.072504  pos -1.080223 1.242403 -0.743242
stream state: "paused"
stream state: "paused"
Opened Rift Sensor 1 w/ Serial WMTD3052400VZL. Connecting to Radio address 0x11563cc989
[II] camera width 1280 height 960
[II] f = [ 716.734 716.734 ], c = [ 647.399 478.498 ]
[II] k = [  0.071847 -0.025176  0.006398 -0.000817 ]
stream state: "connecting"
stream state: "connecting"
[II] Loaded pose for sensor WMTD3052400VZL from room store: "pos" : [ -1.210478, 1.575620, 0.303214 ], "orient" : [ 0.691115, -0.083936, 0.713187, 0.081728 ]
[II] Set sensor 1 pose to orient 0.691115 -0.083936 0.713187 0.081728  pos -1.210478 1.575620 0.303214
Opened 2 Rift Sensor cameras
stream state: "paused"
stream state: "paused"
Temperature: 34.5 °C
UVC PTS changed in-frame at 16372 bytes. Lost 28 ms
UVC Dropping short frame: 16372 < 1228800 (1212428 lost)
Temperature: 31.0 °C
[II] HMD device frame: IMU at [-0.0166 0.0345 0.0331] m; screen 0.1193 x 0.0663 m; lens separation 0.0540 m, v-centre 0.0308 m, eye-to-screen 0.0396/0.0396 m
[II] HMD LED model spans z -0.0088..0.0744, y -0.0436..0.0438 m (34 LEDs, before the 180 deg model rotation)
[II] Device 0 using OVR-SDK complementary fusion backend
stream state: "connecting"
device 0 online. Now tracking.
stream state: "paused"
[WW] Exposure timestamp 3077463808 was more than 1.5 IMU samples earlier than IMU ts 3077479549 by 15741 µS
[II] calib feed: 1 observations offered (auto_calib 1, sensors 2, exposure_info yes, device 0)
[II] calib feed WMTD3052400VZL: 1 obs, 0 paired, history 0 over 0 viewpoints, 0 solves, residual -1.00 px, uncalibrated
[II] Matched orientation after 2.349065 sec
[II] output correction bleeding OFF - set OHMD_RIFT_BLEED=1 to restore
[II] angular velocity exported in the device-local frame
[II] velocity smoothing: tau 25 ms, speed-adaptive
[WW] Exposure timestamp 3079710208 was more than 1.5 IMU samples earlier than IMU ts 3079711959 by 1751 µS
[II] frame-timing WMTD306Q701DEK: 300 frames, 57 missed exposure, diff avg -0.65 min -10.35 max 1.88 ms
[II] HMD obs quality: full(strong+ids) 300 ids-verified 0 strong 0 prior-agree 0 reacquire 0 rejected 0 | flags: led-ids 300 strong 300
[II] frame-timing WMTD3052400VZL: 300 frames, 2 missed exposure, diff avg -0.77 min -4.42 max 1.49 ms
[WW] Exposure timestamp 3083742208 was more than 1.5 IMU samples earlier than IMU ts 3083744132 by 1924 µS
[II] Device 0: joint reconstruction 1 solved, 0 rejected, 343 single-camera (0 observations arrived too late to count)
[II] sensor WMTD3052400VZL calibration SETTLED
[II] Device 0: joint reconstruction over 2 cameras left 2.01 px in the worst camera (>2.0 px) - check sensor calibration
[II] sensor WMTD3052400VZL: adopted calibration from 30 poses over 2 viewpoints (stored: 2), residual 1.80 px (estimated)
[II] sensor WMTD3052400VZL: the stored calibration left 1.84 px; moving the sensor 9.0 mm / 0.37 deg
[II] Set sensor 1 pose to orient 0.689868 -0.083685 0.714717 0.079110  pos -1.214918 1.568744 0.299459
[II] sensor WMTD3052400VZL: re-solved calibration from 32 poses over 2 viewpoints (stored: 2), residual 1.40 px (estimated)
[II] sensor WMTD3052400VZL: its previous calibration left 1.81 px; moving the sensor 12.7 mm / 0.41 deg
[II] Set sensor 1 pose to orient 0.691756 -0.084295 0.712592 0.081120  pos -1.208070 1.574533 0.308499
[II] sensor WMTD3052400VZL calibration SETTLED
[II] HMD obs quality: full(strong+ids) 300 ids-verified 0 strong 0 prior-agree 0 reacquire 0 rejected 0 | flags: led-ids 300 strong 300
[II] accelerometer scale check: |accel| at rest mean 9.7267 m/s^2 (-0.82% vs 9.8067), range 8.587..10.367, 6275 quiet samples | hw calibration NOT requested (driver applies its own)
[II] vision-vs-fusion orientation error over 10 s: yaw mean 0.25 max 29.87 deg, tilt mean 0.97 max 19.03 deg | above 1 deg for 33% of the time, 40 episodes, mean 81 ms worst 1703 ms | 10 snaps | gains yaw 0.25 tilt 0.50 /s
[II] frame-timing WMTD306Q701DEK: 300 frames, 0 missed exposure, diff avg -0.81 min -3.84 max 1.68 ms
[II] pose export over 10 s: age mean 1.6 ms max 3.2 ms | speed mean 0.23 max 2.00 m/s, ang mean 36 max 168 deg/s | age*speed worst 5.3 mm (995 samples)
[II] frame-timing WMTD3052400VZL: 300 frames, 0 missed exposure, diff avg -0.82 min -3.82 max 1.85 ms
[II] HMD obs quality: full(strong+ids) 300 ids-verified 0 strong 0 prior-agree 0 reacquire 0 rejected 0 | flags: led-ids 300 strong 300
[II] Device 0: joint reconstruction 301 solved, 1 rejected, 682 single-camera (0 observations arrived too late to count)
[WW] Exposure timestamp 3091537408 was more than 1.5 IMU samples earlier than IMU ts 3091539085 by 1677 µS
[II] HMD obs quality: full(strong+ids) 300 ids-verified 0 strong 0 prior-agree 0 reacquire 0 rejected 0 | flags: led-ids 300 strong 300
[II] frame-timing WMTD306Q701DEK: 300 frames, 0 missed exposure, diff avg -0.85 min -3.14 max 1.61 ms
[II] calib feed: 901 observations offered (auto_calib 1, sensors 2, exposure_info yes, device 0)
[II] calib feed WMTD3052400VZL: 901 obs, 190 paired, history 190 over 2 viewpoints, 10 solves, residual 1.53 px, estimated
[II] frame-timing WMTD3052400VZL: 300 frames, 0 missed exposure, diff avg -0.84 min -3.88 max 1.55 ms
[II] Device 0: IMU saturation (accel), 1 samples so far - the reading is clipped, so it is being ignored rather than integrated
[II] sensor 0 calibration feed: 901 offered, 566 passed - rejected 0 for LED ids, 335 for too few blobs (<10), 0 for error
[II] HMD obs quality: full(strong+ids) 300 ids-verified 0 strong 0 prior-agree 0 reacquire 0 rejected 0 | flags: led-ids 300 strong 300
[II] Device 0: joint reconstruction 601 solved, 1 rejected, 991 single-camera (0 observations arrived too late to count)
[II] vision-vs-fusion orientation error over 10 s: yaw mean 0.38 max 2.50 deg, tilt mean 2.28 max 8.07 deg | above 1 deg for 92% of the time, 22 episodes, mean 144 ms worst 2629 ms | 0 snaps | gains yaw 0.25 tilt 0.50 /s
[II] pose export over 10 s: age mean 1.6 ms max 3.1 ms | speed mean 0.18 max 0.72 m/s, ang mean 49 max 242 deg/s | age*speed worst 1.5 mm (985 samples)
[II] HMD obs quality: full(strong+ids) 300 ids-verified 0 strong 0 prior-agree 0 reacquire 0 rejected 0 | flags: led-ids 300 strong 300
[II] frame-timing WMTD306Q701DEK: 300 frames, 0 missed exposure, diff avg -0.84 min -4.45 max 1.97 ms
[II] frame-timing WMTD3052400VZL: 300 frames, 0 missed exposure, diff avg -0.83 min -3.75 max 1.64 ms
[WW] Exposure timestamp 3101003008 was more than 1.5 IMU samples earlier than IMU ts 3101004716 by 1708 µS
[II] HMD obs quality: full(strong+ids) 300 ids-verified 0 strong 0 prior-agree 0 reacquire 0 rejected 0 | flags: led-ids 300 strong 300
[II] sensor 1 calibration feed: 901 offered, 525 passed - rejected 0 for LED ids, 376 for too few blobs (<10), 0 for error
[II] sensor WMTD3052400VZL: re-solved calibration from 192 poses over 3 viewpoints (stored: 2), residual 2.21 px (estimated)
[II] sensor WMTD3052400VZL: its previous calibration left 2.61 px; moving the sensor 11.2 mm / 0.32 deg
[II] Set sensor 1 pose to orient 0.690172 -0.082793 0.714248 0.081595  pos -1.211668 1.572814 0.298064
[II] sensor WMTD3052400VZL calibration SETTLED
[II] Device 0: joint reconstruction 901 solved, 1 rejected, 1294 single-camera (0 observations arrived too late to count)
[II] HMD obs quality: full(strong+ids) 300 ids-verified 0 strong 0 prior-agree 0 reacquire 0 rejected 0 | flags: led-ids 300 strong 300
[II] frame-timing WMTD306Q701DEK: 300 frames, 0 missed exposure, diff avg -0.83 min -4.09 max 1.87 ms
[WW] Exposure timestamp 3105284608 was more than 1.5 IMU samples earlier than IMU ts 3105286377 by 1769 µS
[II] frame-timing WMTD3052400VZL: 300 frames, 0 missed exposure, diff avg -0.83 min -3.93 max 1.52 ms
[II] calib feed: 1801 observations offered (auto_calib 1, sensors 2, exposure_info yes, device 0)
[II] calib feed WMTD3052400VZL: 1801 obs, 533 paired, history 192 over 3 viewpoints, 32 solves, residual 2.20 px, estimated
[II] HMD obs quality: full(strong+ids) 300 ids-verified 0 strong 0 prior-agree 0 reacquire 0 rejected 0 | flags: led-ids 300 strong 300
[II] accelerometer scale check: |accel| at rest mean 9.7221 m/s^2 (-0.86% vs 9.8067), range 8.982..10.047, 7363 quiet samples | hw calibration NOT requested (driver applies its own)
[II] vision-vs-fusion orientation error over 10 s: yaw mean 0.09 max 0.80 deg, tilt mean 1.67 max 2.15 deg | above 1 deg for 160% of the time, 0 episodes, mean 0 ms worst 0 ms | 0 snaps | gains yaw 0.25 tilt 0.50 /s
[II] Device 0: joint reconstruction 1201 solved, 1 rejected, 1594 single-camera (0 observations arrived too late to count)
[II] pose export over 10 s: age mean 1.6 ms max 3.1 ms | speed mean 0.04 max 0.30 m/s, ang mean 4 max 99 deg/s | age*speed worst 0.6 mm (985 samples)
[II] HMD obs quality: full(strong+ids) 300 ids-verified 0 strong 0 prior-agree 0 reacquire 0 rejected 0 | flags: led-ids 300 strong 300
[II] frame-timing WMTD306Q701DEK: 300 frames, 0 missed exposure, diff avg -0.85 min -3.67 max 1.66 ms
[II] frame-timing WMTD3052400VZL: 300 frames, 0 missed exposure, diff avg -0.82 min -3.86 max 1.90 ms
[WW] Exposure timestamp 3112734208 was more than 1.5 IMU samples earlier than IMU ts 3112736067 by 1859 µS
[II] sensor 0 calibration feed: 1801 offered, 1337 passed - rejected 0 for LED ids, 464 for too few blobs (<10), 0 for error
[II] HMD obs quality: full(strong+ids) 300 ids-verified 0 strong 0 prior-agree 0 reacquire 0 rejected 0 | flags: led-ids 300 strong 300
[II] Matched orientation after 0.325510 sec
[WW] Exposure timestamp 3115345408 was more than 1.5 IMU samples earlier than IMU ts 3115347118 by 1710 µS
[WW] Exposure timestamp 3115479808 was more than 1.5 IMU samples earlier than IMU ts 3115481329 by 1521 µS
[II] Matched orientation after 0.633950 sec
[II] Device 0: joint reconstruction 1501 solved, 1 rejected, 1962 single-camera (0 observations arrived too late to count)
[II] frame-timing WMTD306Q701DEK: 300 frames, 0 missed exposure, diff avg -0.89 min -3.85 max 1.51 ms
[II] sensor WMTD3052400VZL: re-solved calibration from 192 poses over 3 viewpoints (stored: 3), residual 1.90 px - SETTLED
[II] sensor WMTD3052400VZL: its previous calibration left 2.25 px; moving the sensor 6.2 mm / 0.17 deg
[II] Set sensor 1 pose to orient 0.691148 -0.083024 0.713254 0.081794  pos -1.213613 1.574914 0.303613
[II] sensor WMTD3052400VZL calibration SETTLED
[II] calib feed: 2701 observations offered (auto_calib 1, sensors 2, exposure_info yes, device 0)
[II] calib feed WMTD3052400VZL: 2701 obs, 969 paired, history 192 over 3 viewpoints, 59 solves, residual 1.63 px, CALIBRATED
[II] HMD obs quality: full(strong+ids) 300 ids-verified 0 strong 0 prior-agree 0 reacquire 0 rejected 0 | flags: led-ids 300 strong 300
[II] accelerometer scale check: |accel| at rest mean 9.7256 m/s^2 (-0.83% vs 9.8067), range 8.839..10.742, 7843 quiet samples | hw calibration NOT requested (driver applies its own)
[II] frame-timing WMTD3052400VZL: 300 frames, 0 missed exposure, diff avg -0.88 min -4.13 max 1.41 ms
[II] vision-vs-fusion orientation error over 10 s: yaw mean 0.14 max 0.67 deg, tilt mean 1.68 max 2.58 deg | above 1 deg for 258% of the time, 8 episodes, mean 3213 ms worst 25536 ms | 0 snaps | gains yaw 0.25 tilt 0.50 /s
[II] pose export over 10 s: age mean 1.6 ms max 3.2 ms | speed mean 0.11 max 1.10 m/s, ang mean 16 max 272 deg/s | age*speed worst 2.9 mm (988 samples)
[WW] Exposure timestamp 3119665408 was more than 1.5 IMU samples earlier than IMU ts 3119666961 by 1553 µS
[II] HMD obs quality: full(strong+ids) 300 ids-verified 0 strong 0 prior-agree 0 reacquire 0 rejected 0 | flags: led-ids 300 strong 300
[II] sensor 1 calibration feed: 1801 offered, 1423 passed - rejected 0 for LED ids, 378 for too few blobs (<10), 0 for error
[II] Device 0: joint reconstruction 1801 solved, 1 rejected, 2262 single-camera (0 observations arrived too late to count)
[II] sensor WMTD3052400VZL: re-solved calibration from 192 poses over 3 viewpoints (stored: 3), residual 1.10 px - SETTLED
[II] sensor WMTD3052400VZL: its previous calibration left 1.29 px; moving the sensor 3.4 mm / 0.09 deg
[II] Set sensor 1 pose to orient 0.690718 -0.083415 0.713567 0.082299  pos -1.211109 1.576775 0.302152
[II] sensor WMTD3052400VZL calibration SETTLED
[II] frame-timing WMTD306Q701DEK: 300 frames, 0 missed exposure, diff avg -0.87 min -4.52 max 1.67 ms
[II] HMD obs quality: full(strong+ids) 300 ids-verified 0 strong 0 prior-agree 0 reacquire 0 rejected 0 | flags: led-ids 300 strong 300
[II] frame-timing WMTD3052400VZL: 300 frames, 0 missed exposure, diff avg -0.88 min -4.04 max 1.60 ms
[II] calib feed: 3601 observations offered (auto_calib 1, sensors 2, exposure_info yes, device 0)
[II] calib feed WMTD3052400VZL: 3601 obs, 1419 paired, history 192 over 3 viewpoints, 87 solves, residual 1.36 px, CALIBRATED
[II] HMD obs quality: full(strong+ids) 300 ids-verified 0 strong 0 prior-agree 0 reacquire 0 rejected 0 | flags: led-ids 300 strong 300
[II] accelerometer scale check: |accel| at rest mean 9.7271 m/s^2 (-0.81% vs 9.8067), range 9.018..12.466, 6994 quiet samples | hw calibration NOT requested (driver applies its own)
[II] Device 0: joint reconstruction 2101 solved, 1 rejected, 2562 single-camera (0 observations arrived too late to count)
[II] frame-timing WMTD306Q701DEK: 300 frames, 0 missed exposure, diff avg -0.86 min -3.59 max 1.42 ms
[II] vision-vs-fusion orientation error over 10 s: yaw mean 0.12 max 1.65 deg, tilt mean 1.72 max 2.50 deg | above 1 deg for 101% of the time, 0 episodes, mean 0 ms worst 0 ms | 0 snaps | gains yaw 0.25 tilt 0.50 /s
[II] pose export over 10 s: age mean 1.6 ms max 3.1 ms | speed mean 0.07 max 0.58 m/s, ang mean 6 max 57 deg/s | age*speed worst 1.4 mm (989 samples)
[II] HMD obs quality: full(strong+ids) 300 ids-verified 0 strong 0 prior-agree 0 reacquire 0 rejected 0 | flags: led-ids 300 strong 300
[II] frame-timing WMTD3052400VZL: 300 frames, 0 missed exposure, diff avg -0.84 min -3.65 max 1.69 ms
[II] sensor 0 calibration feed: 2701 offered, 2188 passed - rejected 0 for LED ids, 513 for too few blobs (<10), 0 for error
[II] HMD obs quality: full(strong+ids) 300 ids-verified 0 strong 0 prior-agree 0 reacquire 0 rejected 0 | flags: led-ids 300 strong 300
[II] Device 0: joint reconstruction 2401 solved, 1 rejected, 2862 single-camera (0 observations arrived too late to count)
[II] frame-timing WMTD306Q701DEK: 300 frames, 0 missed exposure, diff avg -0.84 min -3.81 max 1.68 ms
[II] calib feed: 4501 observations offered (auto_calib 1, sensors 2, exposure_info yes, device 0)
[II] calib feed WMTD3052400VZL: 4501 obs, 1869 paired, history 192 over 3 viewpoints, 115 solves, residual 0.84 px, CALIBRATED
[II] HMD obs quality: full(strong+ids) 300 ids-verified 0 strong 0 prior-agree 0 reacquire 0 rejected 0 | flags: led-ids 300 strong 300
[II] frame-timing WMTD3052400VZL: 300 frames, 0 missed exposure, diff avg -0.84 min -4.02 max 2.00 ms
[II] accelerometer scale check: |accel| at rest mean 9.7371 m/s^2 (-0.71% vs 9.8067), range 8.294..11.425, 7073 quiet samples | hw calibration NOT requested (driver applies its own)
[II] HMD obs quality: full(strong+ids) 300 ids-verified 0 strong 0 prior-agree 0 reacquire 0 rejected 0 | flags: led-ids 300 strong 300
[II] sensor 1 calibration feed: 2701 offered, 2323 passed - rejected 0 for LED ids, 378 for too few blobs (<10), 0 for error
[II] vision-vs-fusion orientation error over 10 s: yaw mean 0.16 max 1.44 deg, tilt mean 1.84 max 2.74 deg | above 1 deg for 201% of the time, 0 episodes, mean 0 ms worst 0 ms | 0 snaps | gains yaw 0.25 tilt 0.50 /s
[II] pose export over 10 s: age mean 1.6 ms max 3.1 ms | speed mean 0.14 max 1.05 m/s, ang mean 21 max 416 deg/s | age*speed worst 2.1 mm (987 samples)
[II] sensor WMTD3052400VZL: re-solved calibration from 192 poses over 3 viewpoints (stored: 3), residual 0.64 px - SETTLED
[II] sensor WMTD3052400VZL: its previous calibration left 0.75 px; moving the sensor 1.3 mm / 0.08 deg
[II] Set sensor 1 pose to orient 0.690773 -0.083677 0.713503 0.082119  pos -1.212009 1.577427 0.302735
[II] sensor WMTD3052400VZL calibration SETTLED
[II] Device 0: joint reconstruction 2701 solved, 1 rejected, 3162 single-camera (0 observations arrived too late to count)
[II] frame-timing WMTD306Q701DEK: 300 frames, 0 missed exposure, diff avg -0.85 min -4.06 max 1.82 ms
[II] HMD obs quality: full(strong+ids) 300 ids-verified 0 strong 0 prior-agree 0 reacquire 0 rejected 0 | flags: led-ids 300 strong 300
[II] frame-timing WMTD3052400VZL: 300 frames, 0 missed exposure, diff avg -0.81 min -4.24 max 1.44 ms
[II] calib feed: 5401 observations offered (auto_calib 1, sensors 2, exposure_info yes, device 0)
[II] calib feed WMTD3052400VZL: 5401 obs, 2319 paired, history 192 over 3 viewpoints, 143 solves, residual 1.13 px, CALIBRATED
[II] HMD obs quality: full(strong+ids) 300 ids-verified 0 strong 0 prior-agree 0 reacquire 0 rejected 0 | flags: led-ids 300 strong 300
[WW] Exposure timestamp 3143550208 was more than 1.5 IMU samples earlier than IMU ts 3143551922 by 1714 µS
[II] Device 0: joint reconstruction 3001 solved, 1 rejected, 3462 single-camera (0 observations arrived too late to count)
[II] frame-timing WMTD306Q701DEK: 300 frames, 0 missed exposure, diff avg -0.84 min -4.09 max 1.75 ms
[II] HMD obs quality: full(strong+ids) 300 ids-verified 0 strong 0 prior-agree 0 reacquire 0 rejected 0 | flags: led-ids 300 strong 300
[II] sensor WMTD3052400VZL: re-solved calibration from 192 poses over 3 viewpoints (stored: 3), residual 1.05 px - SETTLED
[II] sensor WMTD3052400VZL: its previous calibration left 1.24 px; moving the sensor 3.2 mm / 0.10 deg
[II] Set sensor 1 pose to orient 0.690900 -0.082778 0.713471 0.082248  pos -1.214828 1.576433 0.301632
[II] sensor WMTD3052400VZL calibration SETTLED
[II] frame-timing WMTD3052400VZL: 300 frames, 0 missed exposure, diff avg -0.86 min -4.29 max 1.52 ms
[II] accelerometer scale check: |accel| at rest mean 9.7403 m/s^2 (-0.68% vs 9.8067), range 7.918..10.941, 8089 quiet samples | hw calibration NOT requested (driver applies its own)
[II] vision-vs-fusion orientation error over 10 s: yaw mean 0.20 max 2.64 deg, tilt mean 1.64 max 2.68 deg | above 1 deg for 298% of the time, 15 episodes, mean 1851 ms worst 22909 ms | 0 snaps | gains yaw 0.25 tilt 0.50 /s
[II] pose export over 10 s: age mean 1.6 ms max 3.1 ms | speed mean 0.18 max 1.61 m/s, ang mean 25 max 375 deg/s | age*speed worst 3.5 mm (987 samples)
[II] sensor 0 calibration feed: 3601 offered, 3088 passed - rejected 0 for LED ids, 513 for too few blobs (<10), 0 for error
[II] HMD obs quality: full(strong+ids) 300 ids-verified 0 strong 0 prior-agree 0 reacquire 0 rejected 0 | flags: led-ids 300 strong 300
[II] sensor WMTD3052400VZL: re-solved calibration from 192 poses over 3 viewpoints (stored: 3), residual 1.07 px - SETTLED
[II] sensor WMTD3052400VZL: its previous calibration left 1.27 px; moving the sensor 4.7 mm / 0.11 deg
[II] Set sensor 1 pose to orient 0.691232 -0.083434 0.713096 0.082051  pos -1.211812 1.576391 0.305213
[II] sensor WMTD3052400VZL calibration SETTLED
[II] Device 0: joint reconstruction 3301 solved, 1 rejected, 3762 single-camera (0 observations arrived too late to count)
[WW] Exposure timestamp 3150923008 was more than 1.5 IMU samples earlier than IMU ts 3150924765 by 1757 µS
[II] frame-timing WMTD306Q701DEK: 300 frames, 0 missed exposure, diff avg -0.88 min -4.13 max 1.23 ms
[II] calib feed: 6301 observations offered (auto_calib 1, sensors 2, exposure_info yes, device 0)
[II] calib feed WMTD3052400VZL: 6301 obs, 2769 paired, history 192 over 3 viewpoints, 172 solves, residual 0.92 px, CALIBRATED
[II] HMD obs quality: full(strong+ids) 300 ids-verified 0 strong 0 prior-agree 0 reacquire 0 rejected 0 | flags: led-ids 300 strong 300
[II] frame-timing WMTD3052400VZL: 300 frames, 0 missed exposure, diff avg -0.88 min -4.24 max 1.50 ms
[II] HMD obs quality: full(strong+ids) 300 ids-verified 0 strong 0 prior-agree 0 reacquire 0 rejected 0 | flags: led-ids 300 strong 300
[WW] Exposure timestamp 3155358208 was more than 1.5 IMU samples earlier than IMU ts 3155359909 by 1701 µS
[II] sensor 1 calibration feed: 3601 offered, 3223 passed - rejected 0 for LED ids, 378 for too few blobs (<10), 0 for error
[II] Device 0: joint reconstruction 3601 solved, 1 rejected, 4062 single-camera (0 observations arrived too late to count)
[WW] Exposure timestamp 3156606208 was more than 1.5 IMU samples earlier than IMU ts 3156607922 by 1714 µS
[II] frame-timing WMTD306Q701DEK: 300 frames, 0 missed exposure, diff avg -0.85 min -3.86 max 1.76 ms
[II] accelerometer scale check: |accel| at rest mean 9.7530 m/s^2 (-0.55% vs 9.8067), range 8.201..12.071, 7140 quiet samples | hw calibration NOT requested (driver applies its own)
[II] HMD obs quality: full(strong+ids) 300 ids-verified 0 strong 0 prior-agree 0 reacquire 0 rejected 0 | flags: led-ids 300 strong 300
[II] frame-timing WMTD3052400VZL: 300 frames, 0 missed exposure, diff avg -0.81 min -3.57 max 1.80 ms
[II] vision-vs-fusion orientation error over 10 s: yaw mean 0.22 max 5.72 deg, tilt mean 1.53 max 3.40 deg | above 1 deg for 105% of the time, 14 episodes, mean 208 ms worst 2801 ms | 0 snaps | gains yaw 0.25 tilt 0.50 /s
[II] pose export over 10 s: age mean 1.6 ms max 3.1 ms | speed mean 0.19 max 1.21 m/s, ang mean 24 max 462 deg/s | age*speed worst 3.7 mm (988 samples)
[II] calib feed: 7201 observations offered (auto_calib 1, sensors 2, exposure_info yes, device 0)
[II] calib feed WMTD3052400VZL: 7201 obs, 3219 paired, history 192 over 3 viewpoints, 200 solves, residual 0.90 px, CALIBRATED
[II] HMD obs quality: full(strong+ids) 300 ids-verified 0 strong 0 prior-agree 0 reacquire 0 rejected 0 | flags: led-ids 300 strong 300
[II] Device 0: joint reconstruction 3901 solved, 1 rejected, 4362 single-camera (0 observations arrived too late to count)
[II] frame-timing WMTD306Q701DEK: 300 frames, 0 missed exposure, diff avg -0.82 min -5.06 max 1.56 ms
[II] sensor WMTD3052400VZL: re-solved calibration from 192 poses over 3 viewpoints (stored: 3), residual 0.69 px - SETTLED
[II] sensor WMTD3052400VZL: its previous calibration left 0.81 px; moving the sensor 5.9 mm / 0.16 deg
[II] Set sensor 1 pose to orient 0.690257 -0.083678 0.713952 0.082561  pos -1.211486 1.578594 0.299729
[II] sensor WMTD3052400VZL calibration SETTLED
[II] HMD obs quality: full(strong+ids) 300 ids-verified 0 strong 0 prior-agree 0 reacquire 0 rejected 0 | flags: led-ids 300 strong 300
[II] frame-timing WMTD3052400VZL: 300 frames, 0 missed exposure, diff avg -0.88 min -3.75 max 1.49 ms
[II] sensor 0 calibration feed: 4501 offered, 3988 passed - rejected 0 for LED ids, 513 for too few blobs (<10), 0 for error
[II] HMD obs quality: full(strong+ids) 300 ids-verified 0 strong 0 prior-agree 0 reacquire 0 rejected 0 | flags: led-ids 300 strong 300
[II] accelerometer scale check: |accel| at rest mean 9.7515 m/s^2 (-0.56% vs 9.8067), range 5.723..15.206, 7305 quiet samples | hw calibration NOT requested (driver applies its own)
[II] Device 0: joint reconstruction 4201 solved, 1 rejected, 4662 single-camera (0 observations arrived too late to count)
[II] vision-vs-fusion orientation error over 10 s: yaw mean 0.16 max 2.03 deg, tilt mean 1.85 max 2.92 deg | above 1 deg for 175% of the time, 0 episodes, mean 0 ms worst 0 ms | 0 snaps | gains yaw 0.25 tilt 0.50 /s
[II] pose export over 10 s: age mean 1.6 ms max 3.1 ms | speed mean 0.18 max 0.99 m/s, ang mean 20 max 461 deg/s | age*speed worst 2.1 mm (988 samples)
[II] frame-timing WMTD306Q701DEK: 300 frames, 0 missed exposure, diff avg -0.88 min -3.82 max 1.76 ms
[II] calib feed: 8101 observations offered (auto_calib 1, sensors 2, exposure_info yes, device 0)
[II] calib feed WMTD3052400VZL: 8101 obs, 3669 paired, history 192 over 3 viewpoints, 228 solves, residual 1.08 px, CALIBRATED
[II] HMD obs quality: full(strong+ids) 300 ids-verified 0 strong 0 prior-agree 0 reacquire 0 rejected 0 | flags: led-ids 300 strong 300
[II] frame-timing WMTD3052400VZL: 300 frames, 0 missed exposure, diff avg -0.89 min -4.59 max 1.55 ms
[II] HMD obs quality: full(strong+ids) 300 ids-verified 0 strong 0 prior-agree 0 reacquire 0 rejected 0 | flags: led-ids 300 strong 300
[II] sensor 1 calibration feed: 4501 offered, 4123 passed - rejected 0 for LED ids, 378 for too few blobs (<10), 0 for error
[II] Device 0: joint reconstruction 4501 solved, 1 rejected, 4962 single-camera (0 observations arrived too late to count)
[II] frame-timing WMTD306Q701DEK: 300 frames, 0 missed exposure, diff avg -0.93 min -4.40 max 1.47 ms
[II] HMD obs quality: full(strong+ids) 300 ids-verified 0 strong 0 prior-agree 0 reacquire 0 rejected 0 | flags: led-ids 300 strong 300
[II] frame-timing WMTD3052400VZL: 300 frames, 0 missed exposure, diff avg -0.88 min -3.91 max 1.62 ms
[II] accelerometer scale check: |accel| at rest mean 9.7483 m/s^2 (-0.60% vs 9.8067), range 8.485..13.488, 7014 quiet samples | hw calibration NOT requested (driver applies its own)
[II] calib feed: 9001 observations offered (auto_calib 1, sensors 2, exposure_info yes, device 0)
[II] calib feed WMTD3052400VZL: 9001 obs, 4119 paired, history 192 over 3 viewpoints, 256 solves, residual 1.05 px, CALIBRATED
[II] HMD obs quality: full(strong+ids) 300 ids-verified 0 strong 0 prior-agree 0 reacquire 0 rejected 0 | flags: led-ids 300 strong 300
[II] vision-vs-fusion orientation error over 10 s: yaw mean 0.17 max 2.17 deg, tilt mean 1.80 max 2.89 deg | above 1 deg for 275% of the time, 1 episodes, mean 27110 ms worst 27110 ms | 0 snaps | gains yaw 0.25 tilt 0.50 /s
[II] pose export over 10 s: age mean 1.6 ms max 3.1 ms | speed mean 0.17 max 1.01 m/s, ang mean 22 max 560 deg/s | age*speed worst 1.9 mm (987 samples)
[II] Device 0: joint reconstruction 4801 solved, 1 rejected, 5262 single-camera (0 observations arrived too late to count)
[II] frame-timing WMTD306Q701DEK: 300 frames, 0 missed exposure, diff avg -0.82 min -3.52 max 1.82 ms
[WW] Exposure timestamp 3180491008 was more than 1.5 IMU samples earlier than IMU ts 3180492668 by 1660 µS
[II] HMD obs quality: full(strong+ids) 300 ids-verified 0 strong 0 prior-agree 0 reacquire 0 rejected 0 | flags: led-ids 300 strong 300
[II] frame-timing WMTD3052400VZL: 300 frames, 0 missed exposure, diff avg -0.81 min -4.64 max 1.73 ms
[II] sensor 0 calibration feed: 5401 offered, 4888 passed - rejected 0 for LED ids, 513 for too few blobs (<10), 0 for error
[II] HMD obs quality: full(strong+ids) 300 ids-verified 0 strong 0 prior-agree 0 reacquire 0 rejected 0 | flags: led-ids 300 strong 300
[II] Device 0: joint reconstruction 5101 solved, 1 rejected, 5562 single-camera (0 observations arrived too late to count)
[II] frame-timing WMTD306Q701DEK: 300 frames, 0 missed exposure, diff avg -0.88 min -3.56 max 1.81 ms
[II] calib feed: 9901 observations offered (auto_calib 1, sensors 2, exposure_info yes, device 0)
[II] calib feed WMTD3052400VZL: 9901 obs, 4569 paired, history 192 over 3 viewpoints, 284 solves, residual 0.75 px, CALIBRATED
[II] HMD obs quality: full(strong+ids) 300 ids-verified 0 strong 0 prior-agree 0 reacquire 0 rejected 0 | flags: led-ids 300 strong 300
[II] frame-timing WMTD3052400VZL: 300 frames, 0 missed exposure, diff avg -0.84 min -3.40 max 1.38 ms
[II] accelerometer scale check: |accel| at rest mean 9.7470 m/s^2 (-0.61% vs 9.8067), range 6.694..12.521, 6999 quiet samples | hw calibration NOT requested (driver applies its own)
[II] vision-vs-fusion orientation error over 10 s: yaw mean 0.15 max 1.53 deg, tilt mean 1.54 max 2.23 deg | above 1 deg for 96% of the time, 19 episodes, mean 373 ms worst 6259 ms | 0 snaps | gains yaw 0.25 tilt 0.50 /s
[II] pose export over 10 s: age mean 1.6 ms max 3.1 ms | speed mean 0.13 max 1.14 m/s, ang mean 12 max 550 deg/s | age*speed worst 3.2 mm (989 samples)
[II] HMD obs quality: full(strong+ids) 300 ids-verified 0 strong 0 prior-agree 0 reacquire 0 rejected 0 | flags: led-ids 300 strong 300
[II] sensor 1 calibration feed: 5401 offered, 5023 passed - rejected 0 for LED ids, 378 for too few blobs (<10), 0 for error
[II] sensor WMTD3052400VZL: re-solved calibration from 192 poses over 3 viewpoints (stored: 3), residual 1.66 px - SETTLED
[II] sensor WMTD3052400VZL: its previous calibration left 1.95 px; moving the sensor 12.2 mm / 0.33 deg
[II] Set sensor 1 pose to orient 0.690544 -0.085951 0.713232 0.084035  pos -1.202897 1.586496 0.303197
[II] sensor WMTD3052400VZL calibration SETTLED
[II] Device 0: joint reconstruction 5401 solved, 1 rejected, 5862 single-camera (0 observations arrived too late to count)
[II] frame-timing WMTD306Q701DEK: 300 frames, 0 missed exposure, diff avg -0.81 min -2.94 max 1.71 ms
[II] HMD obs quality: full(strong+ids) 300 ids-verified 0 strong 0 prior-agree 0 reacquire 0 rejected 0 | flags: led-ids 300 strong 300
[II] frame-timing WMTD3052400VZL: 300 frames, 0 missed exposure, diff avg -0.85 min -4.08 max 1.63 ms
[II] calib feed: 10801 observations offered (auto_calib 1, sensors 2, exposure_info yes, device 0)
[II] calib feed WMTD3052400VZL: 10801 obs, 5019 paired, history 192 over 3 viewpoints, 312 solves, residual 1.66 px, CALIBRATED
[II] HMD obs quality: full(strong+ids) 300 ids-verified 0 strong 0 prior-agree 0 reacquire 0 rejected 0 | flags: led-ids 300 strong 300
[II] Device 0: joint reconstruction 5701 solved, 1 rejected, 6162 single-camera (0 observations arrived too late to count)
[II] frame-timing WMTD306Q701DEK: 300 frames, 0 missed exposure, diff avg -0.84 min -4.03 max 1.72 ms
[II] accelerometer scale check: |accel| at rest mean 9.7412 m/s^2 (-0.67% vs 9.8067), range 9.507..10.018, 9985 quiet samples | hw calibration NOT requested (driver applies its own)
[II] HMD obs quality: full(strong+ids) 300 ids-verified 0 strong 0 prior-agree 0 reacquire 0 rejected 0 | flags: led-ids 300 strong 300
[II] vision-vs-fusion orientation error over 10 s: yaw mean 0.14 max 0.32 deg, tilt mean 1.97 max 2.29 deg | above 1 deg for 125% of the time, 0 episodes, mean 0 ms worst 0 ms | 0 snaps | gains yaw 0.25 tilt 0.50 /s
[II] frame-timing WMTD3052400VZL: 300 frames, 0 missed exposure, diff avg -0.81 min -3.56 max 1.25 ms
[II] pose export over 10 s: age mean 1.6 ms max 3.1 ms | speed mean 0.03 max 0.16 m/s, ang mean 0 max 1 deg/s | age*speed worst 0.4 mm (988 samples)
[II] sensor 0 calibration feed: 6301 offered, 5788 passed - rejected 0 for LED ids, 513 for too few blobs (<10), 0 for error
[II] HMD obs quality: full(strong+ids) 300 ids-verified 0 strong 0 prior-agree 0 reacquire 0 rejected 0 | flags: led-ids 300 strong 300
[II] Device 0: joint reconstruction 6001 solved, 1 rejected, 6462 single-camera (0 observations arrived too late to count)
[II] frame-timing WMTD306Q701DEK: 300 frames, 0 missed exposure, diff avg -0.85 min -4.04 max 1.79 ms
[II] calib feed: 11701 observations offered (auto_calib 1, sensors 2, exposure_info yes, device 0)
[II] calib feed WMTD3052400VZL: 11701 obs, 5469 paired, history 192 over 3 viewpoints, 340 solves, residual 1.48 px, CALIBRATED
[II] HMD obs quality: full(strong+ids) 300 ids-verified 0 strong 0 prior-agree 0 reacquire 0 rejected 0 | flags: led-ids 300 strong 300
[II] frame-timing WMTD3052400VZL: 300 frames, 0 missed exposure, diff avg -0.85 min -3.86 max 1.50 ms
[II] HMD obs quality: full(strong+ids) 300 ids-verified 0 strong 0 prior-agree 0 reacquire 0 rejected 0 | flags: led-ids 300 strong 300
[II] sensor 1 calibration feed: 6301 offered, 5923 passed - rejected 0 for LED ids, 378 for too few blobs (<10), 0 for error
[II] accelerometer scale check: |accel| at rest mean 9.7398 m/s^2 (-0.68% vs 9.8067), range 9.490..9.963, 9982 quiet samples | hw calibration NOT requested (driver applies its own)
[II] Device 0: joint reconstruction 6301 solved, 1 rejected, 6762 single-camera (0 observations arrived too late to count)
[II] vision-vs-fusion orientation error over 10 s: yaw mean 0.14 max 0.50 deg, tilt mean 1.99 max 2.15 deg | above 1 deg for 225% of the time, 0 episodes, mean 0 ms worst 0 ms | 0 snaps | gains yaw 0.25 tilt 0.50 /s
[II] pose export over 10 s: age mean 1.6 ms max 3.1 ms | speed mean 0.00 max 0.00 m/s, ang mean 0 max 1 deg/s | age*speed worst 0.0 mm (989 samples)
[II] frame-timing WMTD306Q701DEK: 300 frames, 0 missed exposure, diff avg -0.84 min -3.71 max 1.85 ms
[II] HMD obs quality: full(strong+ids) 300 ids-verified 0 strong 0 prior-agree 0 reacquire 0 rejected 0 | flags: led-ids 300 strong 300
stream state: "unconnected"
stream state: "unconnected"
stream state: "unconnected"
stream state: "unconnected"
stream state: "unconnected"
